<!doctype html public "-//w3c//dtd html 4.0 transitional//en">
<html><head>
<title>Static Call Graph - [.\Objects\Mesh_Project_Light.axf]</title></head>
<body><HR>
<H1>Static Call Graph for image .\Objects\Mesh_Project_Light.axf</H1><HR>
<BR><P>#&#060CALLGRAPH&#062# ARM Linker, 5060750: Last Updated: Fri Dec 13 15:13:07 2019
<BR><P>
<H3>Maximum Stack Usage =       1512 bytes + Unknown(Cycles, Untraceable Function Pointers)</H3><H3>
Call chain for Maximum Stack Depth:</H3>
handle_fault_test &rArr; send_fault_status &rArr; access_model_publish &rArr; packet_alloc_and_tx &rArr; packet_tx &rArr; nrf_mesh_packet_send &rArr; transport_tx &rArr; upper_transport_tx &rArr; segmented_packet_tx &rArr; trs_sar_packet_out &rArr; sar_segment_send &rArr; upper_trs_packet_alloc &rArr; network_packet_alloc &rArr; allocate_packet &rArr; net_state_seqnum_alloc &rArr; iv_update_trigger_if_pending &rArr; net_state_iv_update_start &rArr; iv_index_notify &rArr; event_handle &rArr; list_remove &rArr; mesh_assertion_handler &rArr; app_error_fault_handler &rArr; log_printf &rArr; log_vprintf
<P>
<H3>
Mutually Recursive functions
</H3> <LI><a href="#[16]">NMI_Handler</a>&nbsp;&nbsp;&nbsp;&rArr;&nbsp;&nbsp;&nbsp;<a href="#[16]">NMI_Handler</a><BR>
 <LI><a href="#[17]">HardFault_Handler</a>&nbsp;&nbsp;&nbsp;&rArr;&nbsp;&nbsp;&nbsp;<a href="#[17]">HardFault_Handler</a><BR>
 <LI><a href="#[18]">MemoryManagement_Handler</a>&nbsp;&nbsp;&nbsp;&rArr;&nbsp;&nbsp;&nbsp;<a href="#[18]">MemoryManagement_Handler</a><BR>
 <LI><a href="#[19]">BusFault_Handler</a>&nbsp;&nbsp;&nbsp;&rArr;&nbsp;&nbsp;&nbsp;<a href="#[19]">BusFault_Handler</a><BR>
 <LI><a href="#[1a]">UsageFault_Handler</a>&nbsp;&nbsp;&nbsp;&rArr;&nbsp;&nbsp;&nbsp;<a href="#[1a]">UsageFault_Handler</a><BR>
 <LI><a href="#[1b]">SVC_Handler</a>&nbsp;&nbsp;&nbsp;&rArr;&nbsp;&nbsp;&nbsp;<a href="#[1b]">SVC_Handler</a><BR>
 <LI><a href="#[1c]">DebugMon_Handler</a>&nbsp;&nbsp;&nbsp;&rArr;&nbsp;&nbsp;&nbsp;<a href="#[1c]">DebugMon_Handler</a><BR>
 <LI><a href="#[1d]">PendSV_Handler</a>&nbsp;&nbsp;&nbsp;&rArr;&nbsp;&nbsp;&nbsp;<a href="#[1d]">PendSV_Handler</a><BR>
 <LI><a href="#[1e]">SysTick_Handler</a>&nbsp;&nbsp;&nbsp;&rArr;&nbsp;&nbsp;&nbsp;<a href="#[1e]">SysTick_Handler</a><BR>
 <LI><a href="#[2e]">CCM_AAR_IRQHandler</a>&nbsp;&nbsp;&nbsp;&rArr;&nbsp;&nbsp;&nbsp;<a href="#[2e]">CCM_AAR_IRQHandler</a><BR>
 <LI><a href="#[1e5]">action_start</a>&nbsp;&nbsp;&nbsp;&rArr;&nbsp;&nbsp;&nbsp;<a href="#[17a]">end_handle</a><BR>
 <LI><a href="#[41e]">uECC_vli_numBits</a>&nbsp;&nbsp;&nbsp;&rArr;&nbsp;&nbsp;&nbsp;<a href="#[41e]">uECC_vli_numBits</a><BR>
</UL>
<P>
<H3>
Function Pointers
</H3><UL>
 <LI><a href="#[19]">BusFault_Handler</a> from arm_startup_nrf52.o(.text) referenced from arm_startup_nrf52.o(RESET)
 <LI><a href="#[2e]">CCM_AAR_IRQHandler</a> from arm_startup_nrf52.o(.text) referenced from arm_startup_nrf52.o(RESET)
 <LI><a href="#[32]">COMP_LPCOMP_IRQHandler</a> from arm_startup_nrf52.o(.text) referenced from arm_startup_nrf52.o(RESET)
 <LI><a href="#[1c]">DebugMon_Handler</a> from arm_startup_nrf52.o(.text) referenced from arm_startup_nrf52.o(RESET)
 <LI><a href="#[2d]">ECB_IRQHandler</a> from arm_startup_nrf52.o(.text) referenced from arm_startup_nrf52.o(RESET)
 <LI><a href="#[43]">FPU_IRQHandler</a> from arm_startup_nrf52.o(.text) referenced from arm_startup_nrf52.o(RESET)
 <LI><a href="#[25]">GPIOTE_IRQHandler</a> from nrfx_gpiote.o(i.GPIOTE_IRQHandler) referenced from arm_startup_nrf52.o(RESET)
 <LI><a href="#[17]">HardFault_Handler</a> from arm_startup_nrf52.o(.text) referenced from arm_startup_nrf52.o(RESET)
 <LI><a href="#[42]">I2S_IRQHandler</a> from arm_startup_nrf52.o(.text) referenced from arm_startup_nrf52.o(RESET)
 <LI><a href="#[3d]">MWU_IRQHandler</a> from arm_startup_nrf52.o(.text) referenced from arm_startup_nrf52.o(RESET)
 <LI><a href="#[18]">MemoryManagement_Handler</a> from arm_startup_nrf52.o(.text) referenced from arm_startup_nrf52.o(RESET)
 <LI><a href="#[24]">NFCT_IRQHandler</a> from arm_startup_nrf52.o(.text) referenced from arm_startup_nrf52.o(RESET)
 <LI><a href="#[16]">NMI_Handler</a> from arm_startup_nrf52.o(.text) referenced from arm_startup_nrf52.o(RESET)
 <LI><a href="#[3c]">PDM_IRQHandler</a> from arm_startup_nrf52.o(.text) referenced from arm_startup_nrf52.o(RESET)
 <LI><a href="#[1f]">POWER_CLOCK_IRQHandler</a> from arm_startup_nrf52.o(.text) referenced from arm_startup_nrf52.o(RESET)
 <LI><a href="#[3b]">PWM0_IRQHandler</a> from arm_startup_nrf52.o(.text) referenced from arm_startup_nrf52.o(RESET)
 <LI><a href="#[3e]">PWM1_IRQHandler</a> from arm_startup_nrf52.o(.text) referenced from arm_startup_nrf52.o(RESET)
 <LI><a href="#[3f]">PWM2_IRQHandler</a> from arm_startup_nrf52.o(.text) referenced from arm_startup_nrf52.o(RESET)
 <LI><a href="#[1d]">PendSV_Handler</a> from arm_startup_nrf52.o(.text) referenced from arm_startup_nrf52.o(RESET)
 <LI><a href="#[31]">QDEC_IRQHandler</a> from bearer_event.o(i.QDEC_IRQHandler) referenced from arm_startup_nrf52.o(RESET)
 <LI><a href="#[20]">RADIO_IRQHandler</a> from arm_startup_nrf52.o(.text) referenced from arm_startup_nrf52.o(RESET)
 <LI><a href="#[2c]">RNG_IRQHandler</a> from arm_startup_nrf52.o(.text) referenced from arm_startup_nrf52.o(RESET)
 <LI><a href="#[2a]">RTC0_IRQHandler</a> from arm_startup_nrf52.o(.text) referenced from arm_startup_nrf52.o(RESET)
 <LI><a href="#[30]">RTC1_IRQHandler</a> from app_timer_mesh.o(i.RTC1_IRQHandler) referenced from arm_startup_nrf52.o(RESET)
 <LI><a href="#[41]">RTC2_IRQHandler</a> from arm_startup_nrf52.o(.text) referenced from arm_startup_nrf52.o(RESET)
 <LI><a href="#[15]">Reset_Handler</a> from arm_startup_nrf52.o(.text) referenced from arm_startup_nrf52.o(RESET)
 <LI><a href="#[26]">SAADC_IRQHandler</a> from arm_startup_nrf52.o(.text) referenced from arm_startup_nrf52.o(RESET)
 <LI><a href="#[22]">SPIM0_SPIS0_TWIM0_TWIS0_SPI0_TWI0_IRQHandler</a> from arm_startup_nrf52.o(.text) referenced from arm_startup_nrf52.o(RESET)
 <LI><a href="#[23]">SPIM1_SPIS1_TWIM1_TWIS1_SPI1_TWI1_IRQHandler</a> from arm_startup_nrf52.o(.text) referenced from arm_startup_nrf52.o(RESET)
 <LI><a href="#[40]">SPIM2_SPIS2_SPI2_IRQHandler</a> from arm_startup_nrf52.o(.text) referenced from arm_startup_nrf52.o(RESET)
 <LI><a href="#[1b]">SVC_Handler</a> from arm_startup_nrf52.o(.text) referenced from arm_startup_nrf52.o(RESET)
 <LI><a href="#[33]">SWI0_EGU0_IRQHandler</a> from app_timer_mesh.o(i.SWI0_EGU0_IRQHandler) referenced from arm_startup_nrf52.o(RESET)
 <LI><a href="#[34]">SWI1_EGU1_IRQHandler</a> from arm_startup_nrf52.o(.text) referenced from arm_startup_nrf52.o(RESET)
 <LI><a href="#[35]">SWI2_EGU2_IRQHandler</a> from nrf_sdh.o(i.SWI2_EGU2_IRQHandler) referenced from arm_startup_nrf52.o(RESET)
 <LI><a href="#[36]">SWI3_EGU3_IRQHandler</a> from arm_startup_nrf52.o(.text) referenced from arm_startup_nrf52.o(RESET)
 <LI><a href="#[37]">SWI4_EGU4_IRQHandler</a> from arm_startup_nrf52.o(.text) referenced from arm_startup_nrf52.o(RESET)
 <LI><a href="#[38]">SWI5_EGU5_IRQHandler</a> from arm_startup_nrf52.o(.text) referenced from arm_startup_nrf52.o(RESET)
 <LI><a href="#[1e]">SysTick_Handler</a> from arm_startup_nrf52.o(.text) referenced from arm_startup_nrf52.o(RESET)
 <LI><a href="#[45]">SystemInit</a> from system_nrf52_1.o(i.SystemInit) referenced from arm_startup_nrf52.o(.text)
 <LI><a href="#[2b]">TEMP_IRQHandler</a> from arm_startup_nrf52.o(.text) referenced from arm_startup_nrf52.o(RESET)
 <LI><a href="#[27]">TIMER0_IRQHandler</a> from arm_startup_nrf52.o(.text) referenced from arm_startup_nrf52.o(RESET)
 <LI><a href="#[28]">TIMER1_IRQHandler</a> from nrfx_timer.o(i.TIMER1_IRQHandler) referenced from arm_startup_nrf52.o(RESET)
 <LI><a href="#[29]">TIMER2_IRQHandler</a> from bearer_handler.o(i.TIMER2_IRQHandler) referenced from arm_startup_nrf52.o(RESET)
 <LI><a href="#[39]">TIMER3_IRQHandler</a> from arm_startup_nrf52.o(.text) referenced from arm_startup_nrf52.o(RESET)
 <LI><a href="#[3a]">TIMER4_IRQHandler</a> from arm_startup_nrf52.o(.text) referenced from arm_startup_nrf52.o(RESET)
 <LI><a href="#[21]">UARTE0_UART0_IRQHandler</a> from arm_startup_nrf52.o(.text) referenced from arm_startup_nrf52.o(RESET)
 <LI><a href="#[1a]">UsageFault_Handler</a> from arm_startup_nrf52.o(.text) referenced from arm_startup_nrf52.o(RESET)
 <LI><a href="#[2f]">WDT_IRQHandler</a> from arm_startup_nrf52.o(.text) referenced from arm_startup_nrf52.o(RESET)
 <LI><a href="#[46]">__main</a> from entry.o(.ARM.Collect$$$$00000000) referenced from arm_startup_nrf52.o(.text)
 <LI><a href="#[a3]">a_delay_start</a> from app_level.o(i.a_delay_start) referenced from app_level.o(.constdata)
 <LI><a href="#[da]">a_link_close</a> from nrf_mesh_prov_bearer_gatt.o(i.a_link_close) referenced from nrf_mesh_prov_bearer_gatt.o(.constdata)
 <LI><a href="#[d9]">a_link_close_notify</a> from nrf_mesh_prov_bearer_gatt.o(i.a_link_close_notify) referenced from nrf_mesh_prov_bearer_gatt.o(.constdata)
 <LI><a href="#[d7]">a_link_open</a> from nrf_mesh_prov_bearer_gatt.o(i.a_link_open) referenced from nrf_mesh_prov_bearer_gatt.o(.constdata)
 <LI><a href="#[d8]">a_link_timer_start</a> from nrf_mesh_prov_bearer_gatt.o(i.a_link_timer_start) referenced from nrf_mesh_prov_bearer_gatt.o(.constdata)
 <LI><a href="#[de]">a_listen_start</a> from nrf_mesh_prov_bearer_gatt.o(i.a_listen_start) referenced from nrf_mesh_prov_bearer_gatt.o(.constdata)
 <LI><a href="#[df]">a_listen_stop</a> from nrf_mesh_prov_bearer_gatt.o(i.a_listen_stop) referenced from nrf_mesh_prov_bearer_gatt.o(.constdata)
 <LI><a href="#[dd]">a_pdu_ack</a> from nrf_mesh_prov_bearer_gatt.o(i.a_pdu_ack) referenced from nrf_mesh_prov_bearer_gatt.o(.constdata)
 <LI><a href="#[dc]">a_pdu_rx</a> from nrf_mesh_prov_bearer_gatt.o(i.a_pdu_rx) referenced from nrf_mesh_prov_bearer_gatt.o(.constdata)
 <LI><a href="#[db]">a_pdu_tx</a> from nrf_mesh_prov_bearer_gatt.o(i.a_pdu_tx) referenced from nrf_mesh_prov_bearer_gatt.o(.constdata)
 <LI><a href="#[a5]">a_transition_complete</a> from app_level.o(i.a_transition_complete) referenced from app_level.o(.constdata)
 <LI><a href="#[a4]">a_transition_start</a> from app_level.o(i.a_transition_start) referenced from app_level.o(.constdata)
 <LI><a href="#[a6]">a_transition_tick</a> from app_level.o(i.a_transition_tick) referenced from app_level.o(.constdata)
 <LI><a href="#[90]">abort_timeout</a> from transport.o(i.abort_timeout) referenced from transport.o(i.sar_ctx_alloc)
 <LI><a href="#[e]">access_flash_config_clear</a> from access.o(i.access_flash_config_clear) referenced 2 times from access.o(.data)
 <LI><a href="#[f]">access_flash_config_store</a> from access.o(i.access_flash_config_store) referenced 2 times from access.o(.data)
 <LI><a href="#[4a]">access_loopback_process</a> from access_loopback.o(i.access_loopback_process) referenced from access_loopback.o(i.access_loopback_init)
 <LI><a href="#[8f]">ack_timeout</a> from transport.o(i.ack_timeout) referenced from transport.o(i.sar_ctx_alloc)
 <LI><a href="#[d]">add_flash_manager</a> from access.o(i.add_flash_manager) referenced 2 times from access.o(.data)
 <LI><a href="#[c0]">addr_nonvirtual_to_dsm_entry</a> from device_state_manager.o(i.addr_nonvirtual_to_dsm_entry) referenced from device_state_manager.o(.constdata)
 <LI><a href="#[bf]">addr_nonvirtual_to_flash_entry</a> from device_state_manager.o(i.addr_nonvirtual_to_flash_entry) referenced from device_state_manager.o(.constdata)
 <LI><a href="#[be]">addr_unicast_to_dsm_entry</a> from device_state_manager.o(i.addr_unicast_to_dsm_entry) referenced from device_state_manager.o(.constdata)
 <LI><a href="#[bd]">addr_unicast_to_flash_entry</a> from device_state_manager.o(i.addr_unicast_to_flash_entry) referenced from device_state_manager.o(.constdata)
 <LI><a href="#[c2]">addr_virtual_to_dsm_entry</a> from device_state_manager.o(i.addr_virtual_to_dsm_entry) referenced from device_state_manager.o(.constdata)
 <LI><a href="#[c1]">addr_virtual_to_flash_entry</a> from device_state_manager.o(i.addr_virtual_to_flash_entry) referenced from device_state_manager.o(.constdata)
 <LI><a href="#[57]">adtype_filter_handle</a> from ad_type_filter.o(i.adtype_filter_handle) referenced from ad_type_filter.o(i.bearer_adtype_filtering_set)
 <LI><a href="#[8b]">adv_timer_handler</a> from proxy.o(i.adv_timer_handler) referenced from proxy.o(i.proxy_init)
 <LI><a href="#[61]">adv_tx_complete_callback</a> from core_tx_adv.o(i.adv_tx_complete_callback) referenced from core_tx_adv.o(i.core_tx_adv_init)
 <LI><a href="#[87]">app_error_fault_handler</a> from app_error_weak.o(i.app_error_fault_handler) referenced from nrf_sdh.o(i.nrf_sdh_enable_request)
 <LI><a href="#[a2]">app_level_fsm_action</a> from app_level.o(i.app_level_fsm_action) referenced from app_level.o(.constdata)
 <LI><a href="#[a1]">app_level_fsm_guard</a> from app_level.o(i.app_level_fsm_guard) referenced from app_level.o(.constdata)
 <LI><a href="#[1]">app_level_server_get_cb</a> from main.o(i.app_level_server_get_cb) referenced 2 times from main.o(.data)
 <LI><a href="#[0]">app_level_server_set_cb</a> from main.o(i.app_level_server_set_cb) referenced 2 times from main.o(.data)
 <LI><a href="#[95]">app_rtt_input_handler</a> from main.o(i.app_rtt_input_handler) referenced from main.o(i.start)
 <LI><a href="#[c6]">appkey_to_dsm_entry</a> from device_state_manager.o(i.appkey_to_dsm_entry) referenced from device_state_manager.o(.constdata)
 <LI><a href="#[c5]">appkey_to_flash_entry</a> from device_state_manager.o(i.appkey_to_flash_entry) referenced from device_state_manager.o(.constdata)
 <LI><a href="#[83]">async_process</a> from prov_bearer_adv.o(i.async_process) referenced from prov_bearer_adv.o(i.nrf_mesh_prov_bearer_adv_interface_get)
 <LI><a href="#[56]">attention_timer_handler</a> from health_server.o(i.attention_timer_handler) referenced from health_server.o(i.attention_timer_add)
 <LI><a href="#[74]">backend_evt_handler</a> from mesh_config.o(i.backend_evt_handler) referenced from mesh_config.o(i.mesh_config_init)
 <LI><a href="#[b0]">backup_entries</a> from flash_manager_defrag.o(i.backup_entries) referenced from flash_manager_defrag.o(.constdata)
 <LI><a href="#[12f]">beacon_getter</a> from net_beacon.o(i.beacon_getter) referenced from net_beacon.o(mesh_config_entries)
 <LI><a href="#[12e]">beacon_setter</a> from net_beacon.o(i.beacon_setter) referenced from net_beacon.o(mesh_config_entries)
 <LI><a href="#[7b]">beacon_tx_timeout</a> from net_beacon.o(i.beacon_tx_timeout) referenced from net_beacon.o(i.net_beacon_init)
 <LI><a href="#[82]">bearer_compare_callback</a> from nrf_mesh_prov.o(i.bearer_compare_callback) referenced from nrf_mesh_prov.o(i.nrf_mesh_prov_bearer_add)
 <LI><a href="#[80]">bearer_stopped_cb</a> from nrf_mesh.o(i.bearer_stopped_cb) referenced from nrf_mesh.o(i.nrf_mesh_disable)
 <LI><a href="#[136]">ble_evt_handler</a> from ble_conn_params.o(i.ble_evt_handler) referenced from ble_conn_params.o(sdh_ble_observers1)
 <LI><a href="#[51]">broadcast_complete_cb</a> from advertiser.o(i.broadcast_complete_cb) referenced from advertiser.o(i.advertiser_instance_init)
 <LI><a href="#[59]">broadcast_start</a> from broadcast.o(i.broadcast_start) referenced from broadcast.o(i.broadcast_send)
 <LI><a href="#[12]">build_flash_area</a> from device_state_manager.o(i.build_flash_area) referenced 2 times from device_state_manager.o(.data)
 <LI><a href="#[ad]">check_for_invalid_entries</a> from flash_manager_defrag.o(i.check_for_invalid_entries) referenced from flash_manager_defrag.o(.constdata)
 <LI><a href="#[9a]">config_server_evt_cb</a> from main.o(i.config_server_evt_cb) referenced from main.o(.constdata)
 <LI><a href="#[5e]">config_server_heartbeat_publication_params_get</a> from config_server.o(i.config_server_heartbeat_publication_params_get) referenced from config_server.o(i.config_server_init)
 <LI><a href="#[60]">conn_params_error_handler</a> from ble_softdevice_support.o(i.conn_params_error_handler) referenced from ble_softdevice_support.o(i.conn_params_init)
 <LI><a href="#[af]">copy_metadata</a> from flash_manager_defrag.o(i.copy_metadata) referenced from flash_manager_defrag.o(.constdata)
 <LI><a href="#[12a]">core_tx_adv_addr_get</a> from core_tx_adv.o(i.core_tx_adv_addr_get) referenced from core_tx_adv.o(mesh_config_entries)
 <LI><a href="#[129]">core_tx_adv_addr_set</a> from core_tx_adv.o(i.core_tx_adv_addr_set) referenced from core_tx_adv.o(mesh_config_entries)
 <LI><a href="#[125]">core_tx_adv_get</a> from core_tx_adv.o(i.core_tx_adv_get) referenced from core_tx_adv.o(mesh_config_entries)
 <LI><a href="#[124]">core_tx_adv_set</a> from core_tx_adv.o(i.core_tx_adv_set) referenced from core_tx_adv.o(mesh_config_entries)
 <LI><a href="#[ba]">core_tx_packet_alloc_cb</a> from proxy.o(i.core_tx_packet_alloc_cb) referenced from proxy.o(.constdata)
 <LI><a href="#[bc]">core_tx_packet_discard_cb</a> from proxy.o(i.core_tx_packet_discard_cb) referenced from proxy.o(.constdata)
 <LI><a href="#[bb]">core_tx_packet_send_cb</a> from proxy.o(i.core_tx_packet_send_cb) referenced from proxy.o(.constdata)
 <LI><a href="#[128]">core_tx_tx_power_delete</a> from core_tx_adv.o(i.core_tx_tx_power_delete) referenced from core_tx_adv.o(mesh_config_entries)
 <LI><a href="#[127]">core_tx_tx_power_get</a> from core_tx_adv.o(i.core_tx_tx_power_get) referenced from core_tx_adv.o(mesh_config_entries)
 <LI><a href="#[126]">core_tx_tx_power_set</a> from core_tx_adv.o(i.core_tx_tx_power_set) referenced from core_tx_adv.o(mesh_config_entries)
 <LI><a href="#[13]">default_RNG</a> from uecc.o(i.default_RNG) referenced 2 times from uecc.o(.data)
 <LI><a href="#[c8]">devkey_to_dsm_entry</a> from device_state_manager.o(i.devkey_to_dsm_entry) referenced from device_state_manager.o(.constdata)
 <LI><a href="#[c7]">devkey_to_flash_entry</a> from device_state_manager.o(i.devkey_to_flash_entry) referenced from device_state_manager.o(.constdata)
 <LI><a href="#[c9]">double_jacobian_default</a> from uecc.o(i.double_jacobian_default) referenced 4 times from uecc.o(.constdata)
 <LI><a href="#[d1]">double_jacobian_secp256k1</a> from uecc.o(i.double_jacobian_secp256k1) referenced from uecc.o(.constdata)
 <LI><a href="#[72]">dummy_event</a> from mesh_config_backend.o(i.dummy_event) referenced from mesh_config_backend.o(i.mesh_config_backend_init)
 <LI><a href="#[133]">ecdh_offloading_get</a> from prov_utils.o(i.ecdh_offloading_get) referenced from prov_utils.o(mesh_config_entries)
 <LI><a href="#[132]">ecdh_offloading_set</a> from prov_utils.o(i.ecdh_offloading_set) referenced from prov_utils.o(mesh_config_entries)
 <LI><a href="#[88]">end_timer_handler</a> from timeslot.o(i.end_timer_handler) referenced from timeslot.o(i.on_ts_begin)
 <LI><a href="#[73]">entry_read_cb</a> from mesh_config_flashman_glue.o(i.entry_read_cb) referenced from mesh_config_flashman_glue.o(i.mesh_config_backend_records_read)
 <LI><a href="#[7f]">entry_recover_cb</a> from net_state.o(i.entry_recover_cb) referenced from net_state.o(i.net_state_recover_from_flash)
 <LI><a href="#[ae]">erase_recovery_area</a> from flash_manager_defrag.o(i.erase_recovery_area) referenced from flash_manager_defrag.o(.constdata)
 <LI><a href="#[8c]">erase_source</a> from flash_manager_defrag.o(i.erase_source) referenced from flash_manager_defrag.o(.constdata)
 <LI><a href="#[8c]">erase_source</a> from flash_manager_defrag.o(i.erase_source) referenced from flash_manager_defrag.o(i.recover_defrag_progress)
 <LI><a href="#[a]">evt_handler</a> from replay_cache.o(i.evt_handler) referenced 2 times from replay_cache.o(.data)
 <LI><a href="#[96]">flag_event_cb</a> from timer_scheduler.o(i.flag_event_cb) referenced from timer_scheduler.o(i.timer_sch_init)
 <LI><a href="#[4f]">flash_invalidate_complete</a> from access.o(i.flash_invalidate_complete) referenced from access.o(i.add_flash_manager)
 <LI><a href="#[5c]">flash_invalidate_complete</a> from device_state_manager.o(i.flash_invalidate_complete) referenced from device_state_manager.o(i.build_flash_area)
 <LI><a href="#[c]">flash_manager_mem_available</a> from access.o(i.flash_manager_mem_available) referenced 6 times from access.o(.data)
 <LI><a href="#[4]">flash_mem_available</a> from net_state.o(i.flash_mem_available) referenced 8 times from net_state.o(.data)
 <LI><a href="#[10]">flash_mem_listener_callback</a> from device_state_manager.o(i.flash_mem_listener_callback) referenced 4 times from device_state_manager.o(.data)
 <LI><a href="#[10]">flash_mem_listener_callback</a> from device_state_manager.o(i.flash_mem_listener_callback) referenced from device_state_manager.o(i.dsm_init)
 <LI><a href="#[67]">flash_op_ended_callback</a> from flash_manager.o(i.flash_op_ended_callback) referenced from flash_manager.o(i.flash_manager_init)
 <LI><a href="#[67]">flash_op_ended_callback</a> from flash_manager.o(i.flash_op_ended_callback) referenced from flash_manager.o(i.flash_manager_on_defrag_end)
 <LI><a href="#[69]">flash_op_start</a> from mesh_flash.o(i.flash_op_start) referenced from mesh_flash.o(i.flash_op_action_prepare)
 <LI><a href="#[62]">flash_read_callback</a> from device_state_manager.o(i.flash_read_callback) referenced from device_state_manager.o(i.dsm_flash_config_load)
 <LI><a href="#[50]">flash_remove_complete</a> from access.o(i.flash_remove_complete) referenced from access.o(i.add_flash_manager)
 <LI><a href="#[5d]">flash_remove_complete</a> from device_state_manager.o(i.flash_remove_complete) referenced from device_state_manager.o(i.build_flash_area)
 <LI><a href="#[71]">flash_stable_cb</a> from mesh_config_flashman_glue.o(i.flash_stable_cb) referenced from mesh_config_flashman_glue.o(i.mesh_config_backend_glue_init)
 <LI><a href="#[6]">flash_store_iv_index</a> from net_state.o(i.flash_store_iv_index) referenced 2 times from net_state.o(.data)
 <LI><a href="#[64]">flash_update_all</a> from device_state_manager.o(i.flash_update_all) referenced from device_state_manager.o(i.dsm_init)
 <LI><a href="#[4e]">flash_write_complete</a> from access.o(i.flash_write_complete) referenced from access.o(i.add_flash_manager)
 <LI><a href="#[5b]">flash_write_complete</a> from device_state_manager.o(i.flash_write_complete) referenced from device_state_manager.o(i.build_flash_area)
 <LI><a href="#[70]">flash_write_complete</a> from net_state.o(i.flash_write_complete) referenced from net_state.o(i.init_flash_storage)
 <LI><a href="#[d4]">g_is_prov_pdu_type</a> from nrf_mesh_prov_bearer_gatt.o(i.g_is_prov_pdu_type) referenced from nrf_mesh_prov_bearer_gatt.o(.constdata)
 <LI><a href="#[a7]">g_set_delay</a> from app_level.o(i.g_set_delay) referenced from app_level.o(.constdata)
 <LI><a href="#[a8]">g_set_transition</a> from app_level.o(i.g_set_transition) referenced from app_level.o(.constdata)
 <LI><a href="#[a9]">g_transition_complete</a> from app_level.o(i.g_transition_complete) referenced from app_level.o(.constdata)
 <LI><a href="#[89]">gatt_evt_handler</a> from proxy.o(i.gatt_evt_handler) referenced from proxy.o(i.proxy_init)
 <LI><a href="#[9f]">generic_level_state_delta_set_cb</a> from app_level.o(i.generic_level_state_delta_set_cb) referenced from app_level.o(.constdata)
 <LI><a href="#[9d]">generic_level_state_get_cb</a> from app_level.o(i.generic_level_state_get_cb) referenced from app_level.o(.constdata)
 <LI><a href="#[a0]">generic_level_state_move_set_cb</a> from app_level.o(i.generic_level_state_move_set_cb) referenced from app_level.o(.constdata)
 <LI><a href="#[9e]">generic_level_state_set_cb</a> from app_level.o(i.generic_level_state_set_cb) referenced from app_level.o(.constdata)
 <LI><a href="#[ed]">handle_appkey_add</a> from config_server.o(i.handle_appkey_add) referenced from config_server.o(.constdata)
 <LI><a href="#[f0]">handle_appkey_delete</a> from config_server.o(i.handle_appkey_delete) referenced from config_server.o(.constdata)
 <LI><a href="#[f1]">handle_appkey_get</a> from config_server.o(i.handle_appkey_get) referenced from config_server.o(.constdata)
 <LI><a href="#[ee]">handle_appkey_update</a> from config_server.o(i.handle_appkey_update) referenced from config_server.o(.constdata)
 <LI><a href="#[11c]">handle_attention_get</a> from health_server.o(i.handle_attention_get) referenced from health_server.o(.constdata)
 <LI><a href="#[11d]">handle_attention_set</a> from health_server.o(i.handle_attention_set) referenced 2 times from health_server.o(.constdata)
 <LI><a href="#[f2]">handle_composition_data_get</a> from config_server.o(i.handle_composition_data_get) referenced from config_server.o(.constdata)
 <LI><a href="#[f3]">handle_config_beacon_get</a> from config_server.o(i.handle_config_beacon_get) referenced from config_server.o(.constdata)
 <LI><a href="#[f4]">handle_config_beacon_set</a> from config_server.o(i.handle_config_beacon_set) referenced from config_server.o(.constdata)
 <LI><a href="#[f5]">handle_config_default_ttl_get</a> from config_server.o(i.handle_config_default_ttl_get) referenced from config_server.o(.constdata)
 <LI><a href="#[f6]">handle_config_default_ttl_set</a> from config_server.o(i.handle_config_default_ttl_set) referenced from config_server.o(.constdata)
 <LI><a href="#[f7]">handle_config_friend_get</a> from config_server.o(i.handle_config_friend_get) referenced from config_server.o(.constdata)
 <LI><a href="#[f8]">handle_config_friend_set</a> from config_server.o(i.handle_config_friend_set) referenced from config_server.o(.constdata)
 <LI><a href="#[f9]">handle_config_gatt_proxy_get</a> from config_server.o(i.handle_config_gatt_proxy_get) referenced from config_server.o(.constdata)
 <LI><a href="#[fa]">handle_config_gatt_proxy_set</a> from config_server.o(i.handle_config_gatt_proxy_set) referenced from config_server.o(.constdata)
 <LI><a href="#[fb]">handle_config_key_refresh_phase_get</a> from config_server.o(i.handle_config_key_refresh_phase_get) referenced from config_server.o(.constdata)
 <LI><a href="#[fc]">handle_config_key_refresh_phase_set</a> from config_server.o(i.handle_config_key_refresh_phase_set) referenced from config_server.o(.constdata)
 <LI><a href="#[fd]">handle_config_model_publication_get</a> from config_server.o(i.handle_config_model_publication_get) referenced from config_server.o(.constdata)
 <LI><a href="#[ef]">handle_config_model_publication_set</a> from config_server.o(i.handle_config_model_publication_set) referenced 2 times from config_server.o(.constdata)
 <LI><a href="#[fe]">handle_config_model_subscription_add</a> from config_server.o(i.handle_config_model_subscription_add) referenced from config_server.o(.constdata)
 <LI><a href="#[ff]">handle_config_model_subscription_delete</a> from config_server.o(i.handle_config_model_subscription_delete) referenced from config_server.o(.constdata)
 <LI><a href="#[100]">handle_config_model_subscription_delete_all</a> from config_server.o(i.handle_config_model_subscription_delete_all) referenced from config_server.o(.constdata)
 <LI><a href="#[101]">handle_config_model_subscription_overwrite</a> from config_server.o(i.handle_config_model_subscription_overwrite) referenced from config_server.o(.constdata)
 <LI><a href="#[102]">handle_config_model_subscription_virtual_address_add</a> from config_server.o(i.handle_config_model_subscription_virtual_address_add) referenced from config_server.o(.constdata)
 <LI><a href="#[103]">handle_config_model_subscription_virtual_address_delete</a> from config_server.o(i.handle_config_model_subscription_virtual_address_delete) referenced from config_server.o(.constdata)
 <LI><a href="#[104]">handle_config_model_subscription_virtual_address_overwrite</a> from config_server.o(i.handle_config_model_subscription_virtual_address_overwrite) referenced from config_server.o(.constdata)
 <LI><a href="#[115]">handle_config_network_transmit_get</a> from config_server.o(i.handle_config_network_transmit_get) referenced from config_server.o(.constdata)
 <LI><a href="#[116]">handle_config_network_transmit_set</a> from config_server.o(i.handle_config_network_transmit_set) referenced from config_server.o(.constdata)
 <LI><a href="#[105]">handle_config_relay_get</a> from config_server.o(i.handle_config_relay_get) referenced from config_server.o(.constdata)
 <LI><a href="#[106]">handle_config_relay_set</a> from config_server.o(i.handle_config_relay_set) referenced from config_server.o(.constdata)
 <LI><a href="#[107]">handle_config_sig_model_subscription_get</a> from config_server.o(i.handle_config_sig_model_subscription_get) referenced from config_server.o(.constdata)
 <LI><a href="#[108]">handle_config_vendor_model_subscription_get</a> from config_server.o(i.handle_config_vendor_model_subscription_get) referenced from config_server.o(.constdata)
 <LI><a href="#[121]">handle_delta_set</a> from generic_level_server.o(i.handle_delta_set) referenced 2 times from generic_level_server.o(.constdata)
 <LI><a href="#[118]">handle_fault_clear</a> from health_server.o(i.handle_fault_clear) referenced 2 times from health_server.o(.constdata)
 <LI><a href="#[117]">handle_fault_get</a> from health_server.o(i.handle_fault_get) referenced from health_server.o(.constdata)
 <LI><a href="#[119]">handle_fault_test</a> from health_server.o(i.handle_fault_test) referenced 2 times from health_server.o(.constdata)
 <LI><a href="#[11f]">handle_get</a> from generic_level_server.o(i.handle_get) referenced from generic_level_server.o(.constdata)
 <LI><a href="#[109]">handle_heartbeat_publication_get</a> from config_server.o(i.handle_heartbeat_publication_get) referenced from config_server.o(.constdata)
 <LI><a href="#[10a]">handle_heartbeat_publication_set</a> from config_server.o(i.handle_heartbeat_publication_set) referenced from config_server.o(.constdata)
 <LI><a href="#[10b]">handle_heartbeat_subscription_get</a> from config_server.o(i.handle_heartbeat_subscription_get) referenced from config_server.o(.constdata)
 <LI><a href="#[10c]">handle_heartbeat_subscription_set</a> from config_server.o(i.handle_heartbeat_subscription_set) referenced from config_server.o(.constdata)
 <LI><a href="#[10d]">handle_model_app_bind_unbind</a> from config_server.o(i.handle_model_app_bind_unbind) referenced 2 times from config_server.o(.constdata)
 <LI><a href="#[114]">handle_model_app_get</a> from config_server.o(i.handle_model_app_get) referenced 2 times from config_server.o(.constdata)
 <LI><a href="#[122]">handle_move_set</a> from generic_level_server.o(i.handle_move_set) referenced 2 times from generic_level_server.o(.constdata)
 <LI><a href="#[10e]">handle_netkey_add_update</a> from config_server.o(i.handle_netkey_add_update) referenced 2 times from config_server.o(.constdata)
 <LI><a href="#[10f]">handle_netkey_delete</a> from config_server.o(i.handle_netkey_delete) referenced from config_server.o(.constdata)
 <LI><a href="#[110]">handle_netkey_get</a> from config_server.o(i.handle_netkey_get) referenced from config_server.o(.constdata)
 <LI><a href="#[111]">handle_node_identity_get</a> from config_server.o(i.handle_node_identity_get) referenced from config_server.o(.constdata)
 <LI><a href="#[112]">handle_node_identity_set</a> from config_server.o(i.handle_node_identity_set) referenced from config_server.o(.constdata)
 <LI><a href="#[113]">handle_node_reset</a> from config_server.o(i.handle_node_reset) referenced from config_server.o(.constdata)
 <LI><a href="#[11a]">handle_period_get</a> from health_server.o(i.handle_period_get) referenced from health_server.o(.constdata)
 <LI><a href="#[11b]">handle_period_set</a> from health_server.o(i.handle_period_set) referenced 2 times from health_server.o(.constdata)
 <LI><a href="#[120]">handle_set</a> from generic_level_server.o(i.handle_set) referenced 2 times from generic_level_server.o(.constdata)
 <LI><a href="#[12d]">hb_pub_deleter</a> from heartbeat.o(i.hb_pub_deleter) referenced from heartbeat.o(mesh_config_entries)
 <LI><a href="#[12c]">hb_pub_getter</a> from heartbeat.o(i.hb_pub_getter) referenced from heartbeat.o(mesh_config_entries)
 <LI><a href="#[12b]">hb_pub_setter</a> from heartbeat.o(i.hb_pub_setter) referenced from heartbeat.o(mesh_config_entries)
 <LI><a href="#[11e]">health_publish_timeout_handler</a> from health_server.o(i.health_publish_timeout_handler) referenced from health_server.o(.constdata)
 <LI><a href="#[6c]">heartbeat_core_evt_cb</a> from heartbeat.o(i.heartbeat_core_evt_cb) referenced from heartbeat.o(i.heartbeat_init)
 <LI><a href="#[b6]">heartbeat_opcode_handle</a> from heartbeat.o(i.heartbeat_opcode_handle) referenced from heartbeat.o(.constdata)
 <LI><a href="#[135]">heartbeat_proxy_listener_cb</a> from heartbeat.o(i.heartbeat_proxy_listener_cb) referenced from heartbeat.o(mesh_config_entry_listeners)
 <LI><a href="#[6a]">heartbeat_publication_timer_cb</a> from heartbeat.o(i.heartbeat_publication_timer_cb) referenced from heartbeat.o(i.heartbeat_init)
 <LI><a href="#[134]">heartbeat_relay_listener_cb</a> from heartbeat.o(i.heartbeat_relay_listener_cb) referenced from heartbeat.o(mesh_config_entry_listeners)
 <LI><a href="#[6b]">heartbeat_subscription_timer_cb</a> from heartbeat.o(i.heartbeat_subscription_timer_cb) referenced from heartbeat.o(i.heartbeat_init)
 <LI><a href="#[7]">init_flash_storage</a> from net_state.o(i.init_flash_storage) referenced 2 times from net_state.o(.data)
 <LI><a href="#[b8]">invalidate_complete_cb</a> from mesh_config_flashman_glue.o(i.invalidate_complete_cb) referenced from mesh_config_flashman_glue.o(.constdata)
 <LI><a href="#[b3]">invalidate_duplicate_entries</a> from flash_manager_defrag.o(i.invalidate_duplicate_entries) referenced from flash_manager_defrag.o(.constdata)
 <LI><a href="#[66]">iterate_callback_entry_copy</a> from flash_manager.o(i.iterate_callback_entry_copy) referenced from flash_manager.o(i.flash_manager_entry_read)
 <LI><a href="#[7e]">iv_update_timer_handler</a> from net_state.o(i.iv_update_timer_handler) referenced from net_state.o(i.net_state_init)
 <LI><a href="#[54]">level_state_timer_cb</a> from app_level.o(i.level_state_timer_cb) referenced from app_level.o(i.app_level_init)
 <LI><a href="#[e3]">link_close_cb</a> from nrf_mesh_prov_bearer_gatt.o(i.link_close_cb) referenced from nrf_mesh_prov_bearer_gatt.o(.constdata)
 <LI><a href="#[85]">link_evt_process</a> from nrf_mesh_prov_bearer_gatt.o(i.link_evt_process) referenced from nrf_mesh_prov_bearer_gatt.o(i.nrf_mesh_prov_bearer_gatt_init)
 <LI><a href="#[6e]">link_timeout_cb</a> from prov_bearer_adv.o(i.link_timeout_cb) referenced from prov_bearer_adv.o(i.init_bearer_structure)
 <LI><a href="#[84]">link_timer_cb</a> from nrf_mesh_prov_bearer_gatt.o(i.link_timer_cb) referenced from nrf_mesh_prov_bearer_gatt.o(i.nrf_mesh_prov_bearer_gatt_init)
 <LI><a href="#[e1]">listen_start_cb</a> from nrf_mesh_prov_bearer_gatt.o(i.listen_start_cb) referenced from nrf_mesh_prov_bearer_gatt.o(.constdata)
 <LI><a href="#[e2]">listen_stop_cb</a> from nrf_mesh_prov_bearer_gatt.o(i.listen_stop_cb) referenced from nrf_mesh_prov_bearer_gatt.o(.constdata)
 <LI><a href="#[3]">log_callback_rtt</a> from log.o(i.log_callback_rtt) referenced 2 times from log.o(.data)
 <LI><a href="#[3]">log_callback_rtt</a> from log.o(i.log_callback_rtt) referenced from main.o(i.initialize)
 <LI><a href="#[44]">main</a> from main.o(i.main) referenced from entry9a.o(.ARM.Collect$$$$0000000B)
 <LI><a href="#[14]">mesh_event_cb</a> from config_server.o(i.mesh_event_cb) referenced 2 times from config_server.o(.data)
 <LI><a href="#[49]">mesh_evt_cb</a> from access.o(i.mesh_evt_cb) referenced from access.o(i.access_init)
 <LI><a href="#[8a]">mesh_evt_handle</a> from proxy.o(i.mesh_evt_handle) referenced from proxy.o(i.proxy_init)
 <LI><a href="#[2]">mesh_evt_handler</a> from mesh_provisionee.o(i.mesh_evt_handler) referenced 4 times from mesh_provisionee.o(.data)
 <LI><a href="#[63]">mesh_evt_handler</a> from device_state_manager.o(i.mesh_evt_handler) referenced from device_state_manager.o(i.dsm_init)
 <LI><a href="#[7d]">mesh_evt_handler</a> from net_state.o(i.mesh_evt_handler) referenced from net_state.o(i.net_state_enable)
 <LI><a href="#[86]">mesh_gatt_event_handler</a> from nrf_mesh_prov_bearer_gatt.o(i.mesh_gatt_event_handler) referenced from nrf_mesh_prov_bearer_gatt.o(i.nrf_mesh_prov_bearer_gatt_init)
 <LI><a href="#[137]">mesh_gatt_on_ble_evt</a> from mesh_gatt.o(i.mesh_gatt_on_ble_evt) referenced from mesh_gatt.o(sdh_ble_observers2)
 <LI><a href="#[ca]">mod_sqrt_default</a> from uecc.o(i.mod_sqrt_default) referenced 4 times from uecc.o(.constdata)
 <LI><a href="#[ce]">mod_sqrt_secp224r1</a> from uecc.o(i.mod_sqrt_secp224r1) referenced from uecc.o(.constdata)
 <LI><a href="#[79]">model_tid_timer_cb</a> from model_common.o(i.model_tid_timer_cb) referenced from model_common.o(i.model_tid_validate)
 <LI><a href="#[7a]">model_timer_cb</a> from model_common.o(i.model_timer_cb) referenced from model_common.o(i.model_timer_create)
 <LI><a href="#[9b]">models_init_cb</a> from main.o(i.models_init_cb) referenced from main.o(.constdata)
 <LI><a href="#[8]">net_state_reset</a> from net_state.o(i.net_state_reset) referenced 2 times from net_state.o(.data)
 <LI><a href="#[9]">nrf_mesh_listen</a> from nrf_mesh.o(i.nrf_mesh_listen) referenced 2 times from nrf_mesh.o(.data)
 <LI><a href="#[139]">nrf_sdh_ble_evts_poll</a> from nrf_sdh_ble.o(i.nrf_sdh_ble_evts_poll) referenced from nrf_sdh_ble.o(sdh_stack_observers0)
 <LI><a href="#[13a]">nrf_sdh_soc_evts_poll</a> from nrf_sdh_soc.o(i.nrf_sdh_soc_evts_poll) referenced from nrf_sdh_soc.o(sdh_stack_observers0)
 <LI><a href="#[5f]">on_conn_params_evt</a> from ble_softdevice_support.o(i.on_conn_params_evt) referenced from ble_softdevice_support.o(i.conn_params_init)
 <LI><a href="#[65]">on_flash_op_end</a> from flash_manager_defrag.o(i.on_flash_op_end) referenced from flash_manager_defrag.o(i.flash_manager_defrag)
 <LI><a href="#[65]">on_flash_op_end</a> from flash_manager_defrag.o(i.on_flash_op_end) referenced from flash_manager_defrag.o(i.recover_defrag_progress)
 <LI><a href="#[138]">on_sd_evt</a> from ble_softdevice_support.o(i.on_sd_evt) referenced from ble_softdevice_support.o(sdh_soc_observers0)
 <LI><a href="#[aa]">packet_alloc</a> from core_tx_adv.o(i.packet_alloc) referenced from core_tx_adv.o(.constdata)
 <LI><a href="#[ac]">packet_discard</a> from core_tx_adv.o(i.packet_discard) referenced from core_tx_adv.o(.constdata)
 <LI><a href="#[ab]">packet_send</a> from core_tx_adv.o(i.packet_send) referenced from core_tx_adv.o(.constdata)
 <LI><a href="#[d6]">pb_gatt_fsm_action</a> from nrf_mesh_prov_bearer_gatt.o(i.pb_gatt_fsm_action) referenced from nrf_mesh_prov_bearer_gatt.o(.constdata)
 <LI><a href="#[d5]">pb_gatt_fsm_guard</a> from nrf_mesh_prov_bearer_gatt.o(i.pb_gatt_fsm_guard) referenced from nrf_mesh_prov_bearer_gatt.o(.constdata)
 <LI><a href="#[123]">periodic_publish_cb</a> from generic_level_server.o(i.periodic_publish_cb) referenced from generic_level_server.o(.constdata)
 <LI><a href="#[b5]">post_process</a> from flash_manager_defrag.o(i.post_process) referenced from flash_manager_defrag.o(.constdata)
 <LI><a href="#[68]">process_action_queue</a> from flash_manager.o(i.process_action_queue) referenced from flash_manager.o(i.flash_manager_init)
 <LI><a href="#[e8]">prov_bearer_adv_link_close</a> from prov_bearer_adv.o(i.prov_bearer_adv_link_close) referenced from prov_bearer_adv.o(.constdata)
 <LI><a href="#[e7]">prov_bearer_adv_link_open</a> from prov_bearer_adv.o(i.prov_bearer_adv_link_open) referenced from prov_bearer_adv.o(.constdata)
 <LI><a href="#[e5]">prov_bearer_adv_listen</a> from prov_bearer_adv.o(i.prov_bearer_adv_listen) referenced from prov_bearer_adv.o(.constdata)
 <LI><a href="#[e6]">prov_bearer_adv_listen_stop</a> from prov_bearer_adv.o(i.prov_bearer_adv_listen_stop) referenced from prov_bearer_adv.o(.constdata)
 <LI><a href="#[e4]">prov_bearer_adv_tx</a> from prov_bearer_adv.o(i.prov_bearer_adv_tx) referenced from prov_bearer_adv.o(.constdata)
 <LI><a href="#[78]">prov_evt_handler</a> from mesh_provisionee.o(i.prov_evt_handler) referenced from mesh_provisionee.o(i.mesh_provisionee_prov_start)
 <LI><a href="#[ea]">prov_provisionee_cb_ack_received</a> from prov_provisionee.o(i.prov_provisionee_cb_ack_received) referenced from prov_provisionee.o(.constdata)
 <LI><a href="#[ec]">prov_provisionee_cb_link_closed</a> from prov_provisionee.o(i.prov_provisionee_cb_link_closed) referenced from prov_provisionee.o(.constdata)
 <LI><a href="#[eb]">prov_provisionee_cb_link_established</a> from prov_provisionee.o(i.prov_provisionee_cb_link_established) referenced from prov_provisionee.o(.constdata)
 <LI><a href="#[e9]">prov_provisionee_pkt_in</a> from prov_provisionee.o(i.prov_provisionee_pkt_in) referenced from prov_provisionee.o(.constdata)
 <LI><a href="#[9c]">provisioning_complete_cb</a> from main.o(i.provisioning_complete_cb) referenced from main.o(.constdata)
 <LI><a href="#[131]">proxy_get</a> from proxy.o(i.proxy_get) referenced from proxy.o(mesh_config_entries)
 <LI><a href="#[130]">proxy_set</a> from proxy.o(i.proxy_set) referenced from proxy.o(mesh_config_entries)
 <LI><a href="#[4b]">publish_timer_tick</a> from access_publish.o(i.publish_timer_tick) referenced from access_publish.o(i.access_publish_init)
 <LI><a href="#[55]">pwm_ready_tick</a> from app_pwm.o(i.pwm_ready_tick) referenced from app_pwm.o(i.app_pwm_init)
 <LI><a href="#[5a]">radio_irq_handler</a> from broadcast.o(i.radio_irq_handler) referenced from broadcast.o(i.broadcast_send)
 <LI><a href="#[97]">radio_signal_callback</a> from timeslot.o(i.radio_signal_callback) referenced from timeslot.o(i.timeslot_start)
 <LI><a href="#[4d]">reliable_timer_cb</a> from access_reliable.o(i.reliable_timer_cb) referenced from access_reliable.o(i.access_reliable_init)
 <LI><a href="#[b9]">remove_complete_cb</a> from mesh_config_flashman_glue.o(i.remove_complete_cb) referenced from mesh_config_flashman_glue.o(.constdata)
 <LI><a href="#[11]">reset_flash_area</a> from device_state_manager.o(i.reset_flash_area) referenced 2 times from device_state_manager.o(.data)
 <LI><a href="#[48]">restore_acquired_element</a> from access.o(i.restore_acquired_element) referenced from access.o(i.access_flash_config_load)
 <LI><a href="#[8d]">restore_acquired_model</a> from access.o(i.restore_acquired_model) referenced from access.o(i.restore_models)
 <LI><a href="#[47]">restore_acquired_subscription</a> from access.o(i.restore_acquired_subscription) referenced from access.o(i.access_flash_config_load)
 <LI><a href="#[75]">restore_callback</a> from mesh_config.o(i.restore_callback) referenced from mesh_config.o(i.mesh_config_load)
 <LI><a href="#[4c]">retransmissions_timer_cb</a> from access_publish_retransmission.o(i.retransmissions_timer_cb) referenced from access_publish_retransmission.o(i.access_publish_retransmission_init)
 <LI><a href="#[91]">retry_timeout</a> from transport.o(i.retry_timeout) referenced from transport.o(i.sar_ctx_alloc)
 <LI><a href="#[92]">scan_window_end</a> from scanner.o(i.scan_window_end) referenced from scanner.o(i.scanner_init)
 <LI><a href="#[93]">scan_window_start</a> from scanner.o(i.scan_window_start) referenced from scanner.o(i.scanner_init)
 <LI><a href="#[81]">scanner_packet_process_cb</a> from nrf_mesh.o(i.scanner_packet_process_cb) referenced from nrf_mesh.o(i.nrf_mesh_init)
 <LI><a href="#[13b]">sd_state_evt_handler</a> from mesh_provisionee.o(i.sd_state_evt_handler) referenced from mesh_provisionee.o(sdh_state_observers1)
 <LI><a href="#[b4]">seal_storage_page</a> from flash_manager_defrag.o(i.seal_storage_page) referenced from flash_manager_defrag.o(.constdata)
 <LI><a href="#[76]">send_end_events</a> from mesh_flash.o(i.send_end_events) referenced from mesh_flash.o(i.mesh_flash_init)
 <LI><a href="#[5]">seqnum_block_allocate</a> from net_state.o(i.seqnum_block_allocate) referenced 2 times from net_state.o(.data)
 <LI><a href="#[c4]">subnet_to_dsm_entry</a> from device_state_manager.o(i.subnet_to_dsm_entry) referenced from device_state_manager.o(.constdata)
 <LI><a href="#[c3]">subnet_to_flash_entry</a> from device_state_manager.o(i.subnet_to_flash_entry) referenced from device_state_manager.o(.constdata)
 <LI><a href="#[77]">timeout_cb</a> from mesh_gatt.o(i.timeout_cb) referenced from mesh_gatt.o(i.mesh_gatt_init)
 <LI><a href="#[52]">timeout_event</a> from advertiser.o(i.timeout_event) referenced from advertiser.o(i.advertiser_instance_init)
 <LI><a href="#[8e]">timeout_handler</a> from rtt_input.o(i.timeout_handler) referenced from rtt_input.o(i.rtt_input_enable)
 <LI><a href="#[94]">timer_cb</a> from timer_scheduler.o(i.timer_cb) referenced from timer_scheduler.o(i.setup_timeout)
 <LI><a href="#[98]">transport_sar_process</a> from transport.o(i.transport_sar_process) referenced from transport.o(i.transport_init)
 <LI><a href="#[e0]">tx_cb</a> from nrf_mesh_prov_bearer_gatt.o(i.tx_cb) referenced from nrf_mesh_prov_bearer_gatt.o(.constdata)
 <LI><a href="#[99]">tx_complete</a> from transport.o(i.tx_complete) referenced from transport.o(i.transport_init)
 <LI><a href="#[6f]">tx_complete_cb</a> from prov_bearer_adv.o(i.tx_complete_cb) referenced from prov_bearer_adv.o(i.init_bearer_structure)
 <LI><a href="#[7c]">tx_complete_cb</a> from net_beacon.o(i.tx_complete_cb) referenced from net_beacon.o(i.net_beacon_init)
 <LI><a href="#[53]">tx_complete_event_callback</a> from advertiser.o(i.tx_complete_event_callback) referenced from advertiser.o(i.advertiser_instance_init)
 <LI><a href="#[6d]">tx_retry_cb</a> from prov_bearer_adv.o(i.tx_retry_cb) referenced from prov_bearer_adv.o(i.init_bearer_structure)
 <LI><a href="#[6d]">tx_retry_cb</a> from prov_bearer_adv.o(i.tx_retry_cb) referenced from prov_bearer_adv.o(i.prov_bearer_adv_tx)
 <LI><a href="#[58]">update_timeout_handler</a> from ble_conn_params.o(i.update_timeout_handler) referenced from ble_conn_params.o(i.ble_conn_params_init)
 <LI><a href="#[cc]">vli_mmod_fast_secp160r1</a> from uecc.o(i.vli_mmod_fast_secp160r1) referenced from uecc.o(.constdata)
 <LI><a href="#[cd]">vli_mmod_fast_secp192r1</a> from uecc.o(i.vli_mmod_fast_secp192r1) referenced from uecc.o(.constdata)
 <LI><a href="#[cf]">vli_mmod_fast_secp224r1</a> from uecc.o(i.vli_mmod_fast_secp224r1) referenced from uecc.o(.constdata)
 <LI><a href="#[d3]">vli_mmod_fast_secp256k1</a> from uecc.o(i.vli_mmod_fast_secp256k1) referenced from uecc.o(.constdata)
 <LI><a href="#[d0]">vli_mmod_fast_secp256r1</a> from uecc.o(i.vli_mmod_fast_secp256r1) referenced from uecc.o(.constdata)
 <LI><a href="#[b2]">write_back</a> from flash_manager_defrag.o(i.write_back) referenced from flash_manager_defrag.o(.constdata)
 <LI><a href="#[b7]">write_complete_cb</a> from mesh_config_flashman_glue.o(i.write_complete_cb) referenced from mesh_config_flashman_glue.o(.constdata)
 <LI><a href="#[b1]">write_defrag_start_pointer</a> from flash_manager_defrag.o(i.write_defrag_start_pointer) referenced from flash_manager_defrag.o(.constdata)
 <LI><a href="#[cb]">x_side_default</a> from uecc.o(i.x_side_default) referenced 4 times from uecc.o(.constdata)
 <LI><a href="#[d2]">x_side_secp256k1</a> from uecc.o(i.x_side_secp256k1) referenced from uecc.o(.constdata)
</UL>
<P>
<H3>
Global Symbols
</H3>
<P><STRONG><a name="[46]"></a>__main</STRONG> (Thumb, 0 bytes, Stack size unknown bytes, entry.o(.ARM.Collect$$$$00000000))
<BR>[Address Reference Count : 1]<UL><LI> arm_startup_nrf52.o(.text)
</UL>
<P><STRONG><a name="[503]"></a>_main_stk</STRONG> (Thumb, 0 bytes, Stack size unknown bytes, entry2.o(.ARM.Collect$$$$00000001))

<P><STRONG><a name="[13c]"></a>_main_scatterload</STRONG> (Thumb, 0 bytes, Stack size unknown bytes, entry5.o(.ARM.Collect$$$$00000004))
<BR><BR>[Calls]<UL><LI><a href="#[13d]">&gt;&gt;</a>&nbsp;&nbsp;&nbsp;__scatterload
</UL>

<P><STRONG><a name="[146]"></a>__main_after_scatterload</STRONG> (Thumb, 0 bytes, Stack size unknown bytes, entry5.o(.ARM.Collect$$$$00000004))
<BR><BR>[Called By]<UL><LI><a href="#[13d]">&gt;&gt;</a>&nbsp;&nbsp;&nbsp;__scatterload
</UL>

<P><STRONG><a name="[504]"></a>_main_clock</STRONG> (Thumb, 0 bytes, Stack size unknown bytes, entry7b.o(.ARM.Collect$$$$00000008))

<P><STRONG><a name="[505]"></a>_main_cpp_init</STRONG> (Thumb, 0 bytes, Stack size unknown bytes, entry8b.o(.ARM.Collect$$$$0000000A))

<P><STRONG><a name="[506]"></a>_main_init</STRONG> (Thumb, 0 bytes, Stack size unknown bytes, entry9a.o(.ARM.Collect$$$$0000000B))

<P><STRONG><a name="[507]"></a>__rt_final_cpp</STRONG> (Thumb, 0 bytes, Stack size unknown bytes, entry10a.o(.ARM.Collect$$$$0000000D))

<P><STRONG><a name="[508]"></a>__rt_final_exit</STRONG> (Thumb, 0 bytes, Stack size unknown bytes, entry11a.o(.ARM.Collect$$$$0000000F))

<P><STRONG><a name="[13e]"></a>app_error_handler</STRONG> (Thumb, 26 bytes, Stack size 0 bytes, app_error_handler_keil.o(.emb_text))
<BR><BR>[Stack]<UL><LI>Max Depth = 80<LI>Call Chain = app_error_handler &rArr; app_error_fault_handler &rArr; log_printf &rArr; log_vprintf
</UL>
<BR>[Calls]<UL><LI><a href="#[87]">&gt;&gt;</a>&nbsp;&nbsp;&nbsp;app_error_fault_handler
</UL>
<BR>[Called By]<UL><LI><a href="#[4bf]">&gt;&gt;</a>&nbsp;&nbsp;&nbsp;rtt_input_enable
<LI><a href="#[381]">&gt;&gt;</a>&nbsp;&nbsp;&nbsp;gap_params_init
<LI><a href="#[2f8]">&gt;&gt;</a>&nbsp;&nbsp;&nbsp;conn_params_init
<LI><a href="#[2bd]">&gt;&gt;</a>&nbsp;&nbsp;&nbsp;ble_stack_init
<LI><a href="#[3e9]">&gt;&gt;</a>&nbsp;&nbsp;&nbsp;start
<LI><a href="#[9b]">&gt;&gt;</a>&nbsp;&nbsp;&nbsp;models_init_cb
<LI><a href="#[3d1]">&gt;&gt;</a>&nbsp;&nbsp;&nbsp;initialize
<LI><a href="#[13b]">&gt;&gt;</a>&nbsp;&nbsp;&nbsp;sd_state_evt_handler
<LI><a href="#[78]">&gt;&gt;</a>&nbsp;&nbsp;&nbsp;prov_evt_handler
<LI><a href="#[2]">&gt;&gt;</a>&nbsp;&nbsp;&nbsp;mesh_evt_handler
<LI><a href="#[188]">&gt;&gt;</a>&nbsp;&nbsp;&nbsp;mesh_adv_stop
<LI><a href="#[187]">&gt;&gt;</a>&nbsp;&nbsp;&nbsp;mesh_adv_start
<LI><a href="#[186]">&gt;&gt;</a>&nbsp;&nbsp;&nbsp;mesh_adv_data_set
<LI><a href="#[5f]">&gt;&gt;</a>&nbsp;&nbsp;&nbsp;on_conn_params_evt
<LI><a href="#[60]">&gt;&gt;</a>&nbsp;&nbsp;&nbsp;conn_params_error_handler
<LI><a href="#[13a]">&gt;&gt;</a>&nbsp;&nbsp;&nbsp;nrf_sdh_soc_evts_poll
<LI><a href="#[139]">&gt;&gt;</a>&nbsp;&nbsp;&nbsp;nrf_sdh_ble_evts_poll
<LI><a href="#[46e]">&gt;&gt;</a>&nbsp;&nbsp;&nbsp;softdevices_evt_irq_enable
<LI><a href="#[46d]">&gt;&gt;</a>&nbsp;&nbsp;&nbsp;softdevice_evt_irq_disable
</UL>

<P><STRONG><a name="[2cc]"></a>__asm___10_ccm_soft_c_0047811c____REV16</STRONG> (Thumb, 4 bytes, Stack size 0 bytes, ccm_soft.o(.rev16_text))
<BR><BR>[Called By]<UL><LI><a href="#[2de]">&gt;&gt;</a>&nbsp;&nbsp;&nbsp;ccm_soft_crypt
<LI><a href="#[2dc]">&gt;&gt;</a>&nbsp;&nbsp;&nbsp;ccm_soft_authenticate
<LI><a href="#[2cb]">&gt;&gt;</a>&nbsp;&nbsp;&nbsp;build_a_block
</UL>

<P><STRONG><a name="[344]"></a>__asm___5_enc_c_9f7860bf____REV16</STRONG> (Thumb, 4 bytes, Stack size 0 bytes, enc.o(.rev16_text))
<BR><BR>[Called By]<UL><LI><a href="#[343]">&gt;&gt;</a>&nbsp;&nbsp;&nbsp;enc_nonce_generate
</UL>

<P><STRONG><a name="[211]"></a>__asm___7_proxy_c_6c84159d____REV16</STRONG> (Thumb, 4 bytes, Stack size 0 bytes, proxy.o(.rev16_text))
<BR><BR>[Called By]<UL><LI><a href="#[2f2]">&gt;&gt;</a>&nbsp;&nbsp;&nbsp;filter_status_send
<LI><a href="#[2eb]">&gt;&gt;</a>&nbsp;&nbsp;&nbsp;config_packet_in
<LI><a href="#[20d]">&gt;&gt;</a>&nbsp;&nbsp;&nbsp;adv_data_set
</UL>

<P><STRONG><a name="[488]"></a>__asm___13_prov_beacon_c_17c6bfa8____REV16</STRONG> (Thumb, 4 bytes, Stack size 0 bytes, prov_beacon.o(.rev16_text))
<BR><BR>[Called By]<UL><LI><a href="#[486]">&gt;&gt;</a>&nbsp;&nbsp;&nbsp;prov_beacon_unprov_build
</UL>

<P><STRONG><a name="[3c2]"></a>__asm___17_prov_bearer_adv_c_f600122b____REV16</STRONG> (Thumb, 4 bytes, Stack size 0 bytes, prov_bearer_adv.o(.rev16_text))
<BR><BR>[Called By]<UL><LI><a href="#[48c]">&gt;&gt;</a>&nbsp;&nbsp;&nbsp;send_transaction_start
<LI><a href="#[3c1]">&gt;&gt;</a>&nbsp;&nbsp;&nbsp;handle_transaction_start_packet
</UL>

<P><STRONG><a name="[3a8]"></a>__asm___18_prov_provisionee_c_96a69ecf____REV16</STRONG> (Thumb, 4 bytes, Stack size 0 bytes, prov_provisionee.o(.rev16_text))
<BR><BR>[Called By]<UL><LI><a href="#[e9]">&gt;&gt;</a>&nbsp;&nbsp;&nbsp;prov_provisionee_pkt_in
<LI><a href="#[3a7]">&gt;&gt;</a>&nbsp;&nbsp;&nbsp;handle_data
</UL>

<P><STRONG><a name="[15]"></a>Reset_Handler</STRONG> (Thumb, 8 bytes, Stack size 0 bytes, arm_startup_nrf52.o(.text))
<BR>[Address Reference Count : 1]<UL><LI> arm_startup_nrf52.o(RESET)
</UL>
<P><STRONG><a name="[16]"></a>NMI_Handler</STRONG> (Thumb, 2 bytes, Stack size 0 bytes, arm_startup_nrf52.o(.text))
<BR><BR>[Calls]<UL><LI><a href="#[16]">&gt;&gt;</a>&nbsp;&nbsp;&nbsp;NMI_Handler
</UL>
<BR>[Called By]<UL><LI><a href="#[16]">&gt;&gt;</a>&nbsp;&nbsp;&nbsp;NMI_Handler
</UL>
<BR>[Address Reference Count : 1]<UL><LI> arm_startup_nrf52.o(RESET)
</UL>
<P><STRONG><a name="[17]"></a>HardFault_Handler</STRONG> (Thumb, 2 bytes, Stack size 0 bytes, arm_startup_nrf52.o(.text))
<BR><BR>[Calls]<UL><LI><a href="#[17]">&gt;&gt;</a>&nbsp;&nbsp;&nbsp;HardFault_Handler
</UL>
<BR>[Called By]<UL><LI><a href="#[17]">&gt;&gt;</a>&nbsp;&nbsp;&nbsp;HardFault_Handler
</UL>
<BR>[Address Reference Count : 1]<UL><LI> arm_startup_nrf52.o(RESET)
</UL>
<P><STRONG><a name="[18]"></a>MemoryManagement_Handler</STRONG> (Thumb, 2 bytes, Stack size 0 bytes, arm_startup_nrf52.o(.text))
<BR><BR>[Calls]<UL><LI><a href="#[18]">&gt;&gt;</a>&nbsp;&nbsp;&nbsp;MemoryManagement_Handler
</UL>
<BR>[Called By]<UL><LI><a href="#[18]">&gt;&gt;</a>&nbsp;&nbsp;&nbsp;MemoryManagement_Handler
</UL>
<BR>[Address Reference Count : 1]<UL><LI> arm_startup_nrf52.o(RESET)
</UL>
<P><STRONG><a name="[19]"></a>BusFault_Handler</STRONG> (Thumb, 2 bytes, Stack size 0 bytes, arm_startup_nrf52.o(.text))
<BR><BR>[Calls]<UL><LI><a href="#[19]">&gt;&gt;</a>&nbsp;&nbsp;&nbsp;BusFault_Handler
</UL>
<BR>[Called By]<UL><LI><a href="#[19]">&gt;&gt;</a>&nbsp;&nbsp;&nbsp;BusFault_Handler
</UL>
<BR>[Address Reference Count : 1]<UL><LI> arm_startup_nrf52.o(RESET)
</UL>
<P><STRONG><a name="[1a]"></a>UsageFault_Handler</STRONG> (Thumb, 2 bytes, Stack size 0 bytes, arm_startup_nrf52.o(.text))
<BR><BR>[Calls]<UL><LI><a href="#[1a]">&gt;&gt;</a>&nbsp;&nbsp;&nbsp;UsageFault_Handler
</UL>
<BR>[Called By]<UL><LI><a href="#[1a]">&gt;&gt;</a>&nbsp;&nbsp;&nbsp;UsageFault_Handler
</UL>
<BR>[Address Reference Count : 1]<UL><LI> arm_startup_nrf52.o(RESET)
</UL>
<P><STRONG><a name="[1b]"></a>SVC_Handler</STRONG> (Thumb, 2 bytes, Stack size 0 bytes, arm_startup_nrf52.o(.text))
<BR><BR>[Calls]<UL><LI><a href="#[1b]">&gt;&gt;</a>&nbsp;&nbsp;&nbsp;SVC_Handler
</UL>
<BR>[Called By]<UL><LI><a href="#[1b]">&gt;&gt;</a>&nbsp;&nbsp;&nbsp;SVC_Handler
</UL>
<BR>[Address Reference Count : 1]<UL><LI> arm_startup_nrf52.o(RESET)
</UL>
<P><STRONG><a name="[1c]"></a>DebugMon_Handler</STRONG> (Thumb, 2 bytes, Stack size 0 bytes, arm_startup_nrf52.o(.text))
<BR><BR>[Calls]<UL><LI><a href="#[1c]">&gt;&gt;</a>&nbsp;&nbsp;&nbsp;DebugMon_Handler
</UL>
<BR>[Called By]<UL><LI><a href="#[1c]">&gt;&gt;</a>&nbsp;&nbsp;&nbsp;DebugMon_Handler
</UL>
<BR>[Address Reference Count : 1]<UL><LI> arm_startup_nrf52.o(RESET)
</UL>
<P><STRONG><a name="[1d]"></a>PendSV_Handler</STRONG> (Thumb, 2 bytes, Stack size 0 bytes, arm_startup_nrf52.o(.text))
<BR><BR>[Calls]<UL><LI><a href="#[1d]">&gt;&gt;</a>&nbsp;&nbsp;&nbsp;PendSV_Handler
</UL>
<BR>[Called By]<UL><LI><a href="#[1d]">&gt;&gt;</a>&nbsp;&nbsp;&nbsp;PendSV_Handler
</UL>
<BR>[Address Reference Count : 1]<UL><LI> arm_startup_nrf52.o(RESET)
</UL>
<P><STRONG><a name="[1e]"></a>SysTick_Handler</STRONG> (Thumb, 2 bytes, Stack size 0 bytes, arm_startup_nrf52.o(.text))
<BR><BR>[Calls]<UL><LI><a href="#[1e]">&gt;&gt;</a>&nbsp;&nbsp;&nbsp;SysTick_Handler
</UL>
<BR>[Called By]<UL><LI><a href="#[1e]">&gt;&gt;</a>&nbsp;&nbsp;&nbsp;SysTick_Handler
</UL>
<BR>[Address Reference Count : 1]<UL><LI> arm_startup_nrf52.o(RESET)
</UL>
<P><STRONG><a name="[2e]"></a>CCM_AAR_IRQHandler</STRONG> (Thumb, 0 bytes, Stack size 0 bytes, arm_startup_nrf52.o(.text))
<BR><BR>[Calls]<UL><LI><a href="#[2e]">&gt;&gt;</a>&nbsp;&nbsp;&nbsp;CCM_AAR_IRQHandler
</UL>
<BR>[Called By]<UL><LI><a href="#[2e]">&gt;&gt;</a>&nbsp;&nbsp;&nbsp;CCM_AAR_IRQHandler
</UL>
<BR>[Address Reference Count : 1]<UL><LI> arm_startup_nrf52.o(RESET)
</UL>
<P><STRONG><a name="[32]"></a>COMP_LPCOMP_IRQHandler</STRONG> (Thumb, 0 bytes, Stack size 0 bytes, arm_startup_nrf52.o(.text))
<BR>[Address Reference Count : 1]<UL><LI> arm_startup_nrf52.o(RESET)
</UL>
<P><STRONG><a name="[2d]"></a>ECB_IRQHandler</STRONG> (Thumb, 0 bytes, Stack size 0 bytes, arm_startup_nrf52.o(.text))
<BR>[Address Reference Count : 1]<UL><LI> arm_startup_nrf52.o(RESET)
</UL>
<P><STRONG><a name="[43]"></a>FPU_IRQHandler</STRONG> (Thumb, 0 bytes, Stack size 0 bytes, arm_startup_nrf52.o(.text))
<BR>[Address Reference Count : 1]<UL><LI> arm_startup_nrf52.o(RESET)
</UL>
<P><STRONG><a name="[42]"></a>I2S_IRQHandler</STRONG> (Thumb, 0 bytes, Stack size 0 bytes, arm_startup_nrf52.o(.text))
<BR>[Address Reference Count : 1]<UL><LI> arm_startup_nrf52.o(RESET)
</UL>
<P><STRONG><a name="[3d]"></a>MWU_IRQHandler</STRONG> (Thumb, 0 bytes, Stack size 0 bytes, arm_startup_nrf52.o(.text))
<BR>[Address Reference Count : 1]<UL><LI> arm_startup_nrf52.o(RESET)
</UL>
<P><STRONG><a name="[24]"></a>NFCT_IRQHandler</STRONG> (Thumb, 0 bytes, Stack size 0 bytes, arm_startup_nrf52.o(.text))
<BR>[Address Reference Count : 1]<UL><LI> arm_startup_nrf52.o(RESET)
</UL>
<P><STRONG><a name="[3c]"></a>PDM_IRQHandler</STRONG> (Thumb, 0 bytes, Stack size 0 bytes, arm_startup_nrf52.o(.text))
<BR>[Address Reference Count : 1]<UL><LI> arm_startup_nrf52.o(RESET)
</UL>
<P><STRONG><a name="[1f]"></a>POWER_CLOCK_IRQHandler</STRONG> (Thumb, 0 bytes, Stack size 0 bytes, arm_startup_nrf52.o(.text))
<BR>[Address Reference Count : 1]<UL><LI> arm_startup_nrf52.o(RESET)
</UL>
<P><STRONG><a name="[3b]"></a>PWM0_IRQHandler</STRONG> (Thumb, 0 bytes, Stack size 0 bytes, arm_startup_nrf52.o(.text))
<BR>[Address Reference Count : 1]<UL><LI> arm_startup_nrf52.o(RESET)
</UL>
<P><STRONG><a name="[3e]"></a>PWM1_IRQHandler</STRONG> (Thumb, 0 bytes, Stack size 0 bytes, arm_startup_nrf52.o(.text))
<BR>[Address Reference Count : 1]<UL><LI> arm_startup_nrf52.o(RESET)
</UL>
<P><STRONG><a name="[3f]"></a>PWM2_IRQHandler</STRONG> (Thumb, 0 bytes, Stack size 0 bytes, arm_startup_nrf52.o(.text))
<BR>[Address Reference Count : 1]<UL><LI> arm_startup_nrf52.o(RESET)
</UL>
<P><STRONG><a name="[20]"></a>RADIO_IRQHandler</STRONG> (Thumb, 0 bytes, Stack size 0 bytes, arm_startup_nrf52.o(.text))
<BR>[Address Reference Count : 1]<UL><LI> arm_startup_nrf52.o(RESET)
</UL>
<P><STRONG><a name="[2c]"></a>RNG_IRQHandler</STRONG> (Thumb, 0 bytes, Stack size 0 bytes, arm_startup_nrf52.o(.text))
<BR>[Address Reference Count : 1]<UL><LI> arm_startup_nrf52.o(RESET)
</UL>
<P><STRONG><a name="[2a]"></a>RTC0_IRQHandler</STRONG> (Thumb, 0 bytes, Stack size 0 bytes, arm_startup_nrf52.o(.text))
<BR>[Address Reference Count : 1]<UL><LI> arm_startup_nrf52.o(RESET)
</UL>
<P><STRONG><a name="[41]"></a>RTC2_IRQHandler</STRONG> (Thumb, 0 bytes, Stack size 0 bytes, arm_startup_nrf52.o(.text))
<BR>[Address Reference Count : 1]<UL><LI> arm_startup_nrf52.o(RESET)
</UL>
<P><STRONG><a name="[26]"></a>SAADC_IRQHandler</STRONG> (Thumb, 0 bytes, Stack size 0 bytes, arm_startup_nrf52.o(.text))
<BR>[Address Reference Count : 1]<UL><LI> arm_startup_nrf52.o(RESET)
</UL>
<P><STRONG><a name="[22]"></a>SPIM0_SPIS0_TWIM0_TWIS0_SPI0_TWI0_IRQHandler</STRONG> (Thumb, 0 bytes, Stack size 0 bytes, arm_startup_nrf52.o(.text))
<BR>[Address Reference Count : 1]<UL><LI> arm_startup_nrf52.o(RESET)
</UL>
<P><STRONG><a name="[23]"></a>SPIM1_SPIS1_TWIM1_TWIS1_SPI1_TWI1_IRQHandler</STRONG> (Thumb, 0 bytes, Stack size 0 bytes, arm_startup_nrf52.o(.text))
<BR>[Address Reference Count : 1]<UL><LI> arm_startup_nrf52.o(RESET)
</UL>
<P><STRONG><a name="[40]"></a>SPIM2_SPIS2_SPI2_IRQHandler</STRONG> (Thumb, 0 bytes, Stack size 0 bytes, arm_startup_nrf52.o(.text))
<BR>[Address Reference Count : 1]<UL><LI> arm_startup_nrf52.o(RESET)
</UL>
<P><STRONG><a name="[34]"></a>SWI1_EGU1_IRQHandler</STRONG> (Thumb, 0 bytes, Stack size 0 bytes, arm_startup_nrf52.o(.text))
<BR>[Address Reference Count : 1]<UL><LI> arm_startup_nrf52.o(RESET)
</UL>
<P><STRONG><a name="[36]"></a>SWI3_EGU3_IRQHandler</STRONG> (Thumb, 0 bytes, Stack size 0 bytes, arm_startup_nrf52.o(.text))
<BR>[Address Reference Count : 1]<UL><LI> arm_startup_nrf52.o(RESET)
</UL>
<P><STRONG><a name="[37]"></a>SWI4_EGU4_IRQHandler</STRONG> (Thumb, 0 bytes, Stack size 0 bytes, arm_startup_nrf52.o(.text))
<BR>[Address Reference Count : 1]<UL><LI> arm_startup_nrf52.o(RESET)
</UL>
<P><STRONG><a name="[38]"></a>SWI5_EGU5_IRQHandler</STRONG> (Thumb, 0 bytes, Stack size 0 bytes, arm_startup_nrf52.o(.text))
<BR>[Address Reference Count : 1]<UL><LI> arm_startup_nrf52.o(RESET)
</UL>
<P><STRONG><a name="[2b]"></a>TEMP_IRQHandler</STRONG> (Thumb, 0 bytes, Stack size 0 bytes, arm_startup_nrf52.o(.text))
<BR>[Address Reference Count : 1]<UL><LI> arm_startup_nrf52.o(RESET)
</UL>
<P><STRONG><a name="[27]"></a>TIMER0_IRQHandler</STRONG> (Thumb, 0 bytes, Stack size 0 bytes, arm_startup_nrf52.o(.text))
<BR>[Address Reference Count : 1]<UL><LI> arm_startup_nrf52.o(RESET)
</UL>
<P><STRONG><a name="[39]"></a>TIMER3_IRQHandler</STRONG> (Thumb, 0 bytes, Stack size 0 bytes, arm_startup_nrf52.o(.text))
<BR>[Address Reference Count : 1]<UL><LI> arm_startup_nrf52.o(RESET)
</UL>
<P><STRONG><a name="[3a]"></a>TIMER4_IRQHandler</STRONG> (Thumb, 0 bytes, Stack size 0 bytes, arm_startup_nrf52.o(.text))
<BR>[Address Reference Count : 1]<UL><LI> arm_startup_nrf52.o(RESET)
</UL>
<P><STRONG><a name="[21]"></a>UARTE0_UART0_IRQHandler</STRONG> (Thumb, 0 bytes, Stack size 0 bytes, arm_startup_nrf52.o(.text))
<BR>[Address Reference Count : 1]<UL><LI> arm_startup_nrf52.o(RESET)
</UL>
<P><STRONG><a name="[2f]"></a>WDT_IRQHandler</STRONG> (Thumb, 0 bytes, Stack size 0 bytes, arm_startup_nrf52.o(.text))
<BR>[Address Reference Count : 1]<UL><LI> arm_startup_nrf52.o(RESET)
</UL>
<P><STRONG><a name="[13f]"></a>__aeabi_uldivmod</STRONG> (Thumb, 98 bytes, Stack size 40 bytes, uldiv.o(.text))
<BR><BR>[Stack]<UL><LI>Max Depth = 40<LI>Call Chain = __aeabi_uldivmod
</UL>
<BR>[Calls]<UL><LI><a href="#[140]">&gt;&gt;</a>&nbsp;&nbsp;&nbsp;__aeabi_llsr
<LI><a href="#[141]">&gt;&gt;</a>&nbsp;&nbsp;&nbsp;__aeabi_llsl
</UL>
<BR>[Called By]<UL><LI><a href="#[a4]">&gt;&gt;</a>&nbsp;&nbsp;&nbsp;a_transition_start
<LI><a href="#[a3]">&gt;&gt;</a>&nbsp;&nbsp;&nbsp;a_delay_start
<LI><a href="#[4bf]">&gt;&gt;</a>&nbsp;&nbsp;&nbsp;rtt_input_enable
<LI><a href="#[4dd]">&gt;&gt;</a>&nbsp;&nbsp;&nbsp;timer_start
<LI><a href="#[142]">&gt;&gt;</a>&nbsp;&nbsp;&nbsp;__aeabi_ldivmod
</UL>

<P><STRONG><a name="[142]"></a>__aeabi_ldivmod</STRONG> (Thumb, 98 bytes, Stack size 24 bytes, ldiv.o(.text))
<BR><BR>[Stack]<UL><LI>Max Depth = 64<LI>Call Chain = __aeabi_ldivmod &rArr; __aeabi_uldivmod
</UL>
<BR>[Calls]<UL><LI><a href="#[13f]">&gt;&gt;</a>&nbsp;&nbsp;&nbsp;__aeabi_uldivmod
</UL>
<BR>[Called By]<UL><LI><a href="#[a6]">&gt;&gt;</a>&nbsp;&nbsp;&nbsp;a_transition_tick
<LI><a href="#[14a]">&gt;&gt;</a>&nbsp;&nbsp;&nbsp;StrSHA256
</UL>

<P><STRONG><a name="[14b]"></a>__aeabi_memcpy</STRONG> (Thumb, 36 bytes, Stack size 0 bytes, memcpya.o(.text))
<BR><BR>[Called By]<UL><LI><a href="#[147]">&gt;&gt;</a>&nbsp;&nbsp;&nbsp;Create_Static_OOB_AuthValue
<LI><a href="#[27c]">&gt;&gt;</a>&nbsp;&nbsp;&nbsp;beacon_create
<LI><a href="#[22f]">&gt;&gt;</a>&nbsp;&nbsp;&nbsp;aes_cmac
<LI><a href="#[459]">&gt;&gt;</a>&nbsp;&nbsp;&nbsp;nrf_mesh_prov_auth_data_provide
<LI><a href="#[66]">&gt;&gt;</a>&nbsp;&nbsp;&nbsp;iterate_callback_entry_copy
<LI><a href="#[340]">&gt;&gt;</a>&nbsp;&nbsp;&nbsp;enc_k2
<LI><a href="#[212]">&gt;&gt;</a>&nbsp;&nbsp;&nbsp;enc_aes_encrypt
<LI><a href="#[ab]">&gt;&gt;</a>&nbsp;&nbsp;&nbsp;packet_send
<LI><a href="#[2e0]">&gt;&gt;</a>&nbsp;&nbsp;&nbsp;ccm_soft_encrypt
<LI><a href="#[2df]">&gt;&gt;</a>&nbsp;&nbsp;&nbsp;ccm_soft_decrypt
<LI><a href="#[2dd]">&gt;&gt;</a>&nbsp;&nbsp;&nbsp;ccm_soft_authenticate_blocks
<LI><a href="#[2dc]">&gt;&gt;</a>&nbsp;&nbsp;&nbsp;ccm_soft_authenticate
<LI><a href="#[2cb]">&gt;&gt;</a>&nbsp;&nbsp;&nbsp;build_a_block
<LI><a href="#[2d9]">&gt;&gt;</a>&nbsp;&nbsp;&nbsp;cache_put
<LI><a href="#[28c]">&gt;&gt;</a>&nbsp;&nbsp;&nbsp;fifo_pop
<LI><a href="#[12c]">&gt;&gt;</a>&nbsp;&nbsp;&nbsp;hb_pub_getter
<LI><a href="#[3f4]">&gt;&gt;</a>&nbsp;&nbsp;&nbsp;mesh_config_backend_record_write
<LI><a href="#[443]">&gt;&gt;</a>&nbsp;&nbsp;&nbsp;nrf_mesh_configure_device_uuid_set
<LI><a href="#[436]">&gt;&gt;</a>&nbsp;&nbsp;&nbsp;network_packet_in
<LI><a href="#[43a]">&gt;&gt;</a>&nbsp;&nbsp;&nbsp;packet_relay
<LI><a href="#[4ff]">&gt;&gt;</a>&nbsp;&nbsp;&nbsp;unsegmented_packet_tx
<LI><a href="#[4ed]">&gt;&gt;</a>&nbsp;&nbsp;&nbsp;trs_sar_seg_packet_in
<LI><a href="#[4da]">&gt;&gt;</a>&nbsp;&nbsp;&nbsp;segmented_packet_tx
<LI><a href="#[4c6]">&gt;&gt;</a>&nbsp;&nbsp;&nbsp;sar_segment_send
<LI><a href="#[1c5]">&gt;&gt;</a>&nbsp;&nbsp;&nbsp;packet_alloc_and_tx
<LI><a href="#[bb]">&gt;&gt;</a>&nbsp;&nbsp;&nbsp;core_tx_packet_send_cb
<LI><a href="#[4a9]">&gt;&gt;</a>&nbsp;&nbsp;&nbsp;proxy_pdu_rx_first
<LI><a href="#[4a7]">&gt;&gt;</a>&nbsp;&nbsp;&nbsp;proxy_pdu_rx_cont
<LI><a href="#[202]">&gt;&gt;</a>&nbsp;&nbsp;&nbsp;virtual_address_set
<LI><a href="#[c3]">&gt;&gt;</a>&nbsp;&nbsp;&nbsp;subnet_to_flash_entry
<LI><a href="#[c4]">&gt;&gt;</a>&nbsp;&nbsp;&nbsp;subnet_to_dsm_entry
<LI><a href="#[32c]">&gt;&gt;</a>&nbsp;&nbsp;&nbsp;subnet_set
<LI><a href="#[c7]">&gt;&gt;</a>&nbsp;&nbsp;&nbsp;devkey_to_flash_entry
<LI><a href="#[307]">&gt;&gt;</a>&nbsp;&nbsp;&nbsp;devkey_set
<LI><a href="#[c5]">&gt;&gt;</a>&nbsp;&nbsp;&nbsp;appkey_to_flash_entry
<LI><a href="#[c6]">&gt;&gt;</a>&nbsp;&nbsp;&nbsp;appkey_to_dsm_entry
<LI><a href="#[266]">&gt;&gt;</a>&nbsp;&nbsp;&nbsp;appkey_set
<LI><a href="#[c1]">&gt;&gt;</a>&nbsp;&nbsp;&nbsp;addr_virtual_to_flash_entry
<LI><a href="#[1ab]">&gt;&gt;</a>&nbsp;&nbsp;&nbsp;access_loopback_handle
<LI><a href="#[166]">&gt;&gt;</a>&nbsp;&nbsp;&nbsp;SEGGER_RTT_ReadNoLock
<LI><a href="#[16b]">&gt;&gt;</a>&nbsp;&nbsp;&nbsp;_WriteNoCheck
<LI><a href="#[16c]">&gt;&gt;</a>&nbsp;&nbsp;&nbsp;_WriteBlocking
<LI><a href="#[4cc]">&gt;&gt;</a>&nbsp;&nbsp;&nbsp;scanner_config_channels_set
<LI><a href="#[339]">&gt;&gt;</a>&nbsp;&nbsp;&nbsp;dsm_subnet_update_commit
<LI><a href="#[334]">&gt;&gt;</a>&nbsp;&nbsp;&nbsp;dsm_subnet_update
<LI><a href="#[321]">&gt;&gt;</a>&nbsp;&nbsp;&nbsp;dsm_appkey_update
<LI><a href="#[2b4]">&gt;&gt;</a>&nbsp;&nbsp;&nbsp;service_data_encode
<LI><a href="#[2b3]">&gt;&gt;</a>&nbsp;&nbsp;&nbsp;manuf_specific_data_encode
<LI><a href="#[300]">&gt;&gt;</a>&nbsp;&nbsp;&nbsp;create_confirmation_salt
<LI><a href="#[49a]">&gt;&gt;</a>&nbsp;&nbsp;&nbsp;prov_utils_derive_keys
<LI><a href="#[498]">&gt;&gt;</a>&nbsp;&nbsp;&nbsp;prov_utils_confirmation_check
<LI><a href="#[48f]">&gt;&gt;</a>&nbsp;&nbsp;&nbsp;prov_utils_authentication_values_derive
<LI><a href="#[499]">&gt;&gt;</a>&nbsp;&nbsp;&nbsp;prov_tx_random
<LI><a href="#[497]">&gt;&gt;</a>&nbsp;&nbsp;&nbsp;prov_tx_public_key
<LI><a href="#[490]">&gt;&gt;</a>&nbsp;&nbsp;&nbsp;prov_tx_confirmation
<LI><a href="#[e9]">&gt;&gt;</a>&nbsp;&nbsp;&nbsp;prov_provisionee_pkt_in
<LI><a href="#[3a7]">&gt;&gt;</a>&nbsp;&nbsp;&nbsp;handle_data
<LI><a href="#[48c]">&gt;&gt;</a>&nbsp;&nbsp;&nbsp;send_transaction_start
<LI><a href="#[48d]">&gt;&gt;</a>&nbsp;&nbsp;&nbsp;send_transaction_continuation
<LI><a href="#[48a]">&gt;&gt;</a>&nbsp;&nbsp;&nbsp;send_packet
<LI><a href="#[3c0]">&gt;&gt;</a>&nbsp;&nbsp;&nbsp;prov_buffer_rx
<LI><a href="#[e4]">&gt;&gt;</a>&nbsp;&nbsp;&nbsp;prov_bearer_adv_tx
<LI><a href="#[e7]">&gt;&gt;</a>&nbsp;&nbsp;&nbsp;prov_bearer_adv_link_open
<LI><a href="#[3c1]">&gt;&gt;</a>&nbsp;&nbsp;&nbsp;handle_transaction_start_packet
<LI><a href="#[3be]">&gt;&gt;</a>&nbsp;&nbsp;&nbsp;handle_transaction_continuation_packet
<LI><a href="#[27e]">&gt;&gt;</a>&nbsp;&nbsp;&nbsp;prov_beacon_unprov_packet_in
<LI><a href="#[486]">&gt;&gt;</a>&nbsp;&nbsp;&nbsp;prov_beacon_unprov_build
<LI><a href="#[db]">&gt;&gt;</a>&nbsp;&nbsp;&nbsp;a_pdu_tx
<LI><a href="#[de]">&gt;&gt;</a>&nbsp;&nbsp;&nbsp;a_listen_start
<LI><a href="#[108]">&gt;&gt;</a>&nbsp;&nbsp;&nbsp;handle_config_vendor_model_subscription_get
<LI><a href="#[107]">&gt;&gt;</a>&nbsp;&nbsp;&nbsp;handle_config_sig_model_subscription_get
</UL>

<P><STRONG><a name="[175]"></a>__aeabi_memcpy4</STRONG> (Thumb, 0 bytes, Stack size 0 bytes, memcpya.o(.text))
<BR><BR>[Called By]<UL><LI><a href="#[40f]">&gt;&gt;</a>&nbsp;&nbsp;&nbsp;mesh_provisionee_prov_start
<LI><a href="#[3e9]">&gt;&gt;</a>&nbsp;&nbsp;&nbsp;start
<LI><a href="#[3d1]">&gt;&gt;</a>&nbsp;&nbsp;&nbsp;initialize
<LI><a href="#[14a]">&gt;&gt;</a>&nbsp;&nbsp;&nbsp;StrSHA256
<LI><a href="#[2b6]">&gt;&gt;</a>&nbsp;&nbsp;&nbsp;ble_conn_params_init
<LI><a href="#[23b]">&gt;&gt;</a>&nbsp;&nbsp;&nbsp;generic_level_server_init
<LI><a href="#[75]">&gt;&gt;</a>&nbsp;&nbsp;&nbsp;restore_callback
<LI><a href="#[74]">&gt;&gt;</a>&nbsp;&nbsp;&nbsp;backend_evt_handler
<LI><a href="#[3b6]">&gt;&gt;</a>&nbsp;&nbsp;&nbsp;heartbeat_subscription_set
<LI><a href="#[6b]">&gt;&gt;</a>&nbsp;&nbsp;&nbsp;heartbeat_subscription_timer_cb
<LI><a href="#[12b]">&gt;&gt;</a>&nbsp;&nbsp;&nbsp;hb_pub_setter
<LI><a href="#[204]">&gt;&gt;</a>&nbsp;&nbsp;&nbsp;flash_manager_add
<LI><a href="#[70]">&gt;&gt;</a>&nbsp;&nbsp;&nbsp;flash_write_complete
<LI><a href="#[3ed]">&gt;&gt;</a>&nbsp;&nbsp;&nbsp;mesh_config_backend_file_create
<LI><a href="#[81]">&gt;&gt;</a>&nbsp;&nbsp;&nbsp;scanner_packet_process_cb
<LI><a href="#[80]">&gt;&gt;</a>&nbsp;&nbsp;&nbsp;bearer_stopped_cb
<LI><a href="#[439]">&gt;&gt;</a>&nbsp;&nbsp;&nbsp;transport_packet_in
<LI><a href="#[3c4]">&gt;&gt;</a>&nbsp;&nbsp;&nbsp;health_server_init
<LI><a href="#[2f6]">&gt;&gt;</a>&nbsp;&nbsp;&nbsp;config_server_init
<LI><a href="#[f]">&gt;&gt;</a>&nbsp;&nbsp;&nbsp;access_flash_config_store
<LI><a href="#[4e9]">&gt;&gt;</a>&nbsp;&nbsp;&nbsp;transport_metadata_build
<LI><a href="#[4c0]">&gt;&gt;</a>&nbsp;&nbsp;&nbsp;sar_ctx_alloc
<LI><a href="#[3e8]">&gt;&gt;</a>&nbsp;&nbsp;&nbsp;m_send_sar_cancel_event
<LI><a href="#[8d]">&gt;&gt;</a>&nbsp;&nbsp;&nbsp;restore_acquired_model
<LI><a href="#[4e]">&gt;&gt;</a>&nbsp;&nbsp;&nbsp;flash_write_complete
<LI><a href="#[385]">&gt;&gt;</a>&nbsp;&nbsp;&nbsp;rx_handle
<LI><a href="#[2f2]">&gt;&gt;</a>&nbsp;&nbsp;&nbsp;filter_status_send
<LI><a href="#[365]">&gt;&gt;</a>&nbsp;&nbsp;&nbsp;flash_operation_complete
<LI><a href="#[4cb]">&gt;&gt;</a>&nbsp;&nbsp;&nbsp;scanner_config_access_addresses_set
<LI><a href="#[339]">&gt;&gt;</a>&nbsp;&nbsp;&nbsp;dsm_subnet_update_commit
</UL>

<P><STRONG><a name="[509]"></a>__aeabi_memcpy8</STRONG> (Thumb, 0 bytes, Stack size 0 bytes, memcpya.o(.text), UNUSED)

<P><STRONG><a name="[144]"></a>__aeabi_memset</STRONG> (Thumb, 14 bytes, Stack size 0 bytes, memseta.o(.text))
<BR><BR>[Called By]<UL><LI><a href="#[145]">&gt;&gt;</a>&nbsp;&nbsp;&nbsp;_memset$wrapper
<LI><a href="#[143]">&gt;&gt;</a>&nbsp;&nbsp;&nbsp;__aeabi_memclr
</UL>

<P><STRONG><a name="[50a]"></a>__aeabi_memset4</STRONG> (Thumb, 0 bytes, Stack size 0 bytes, memseta.o(.text), UNUSED)

<P><STRONG><a name="[50b]"></a>__aeabi_memset8</STRONG> (Thumb, 0 bytes, Stack size 0 bytes, memseta.o(.text), UNUSED)

<P><STRONG><a name="[143]"></a>__aeabi_memclr</STRONG> (Thumb, 4 bytes, Stack size 0 bytes, memseta.o(.text))
<BR><BR>[Calls]<UL><LI><a href="#[144]">&gt;&gt;</a>&nbsp;&nbsp;&nbsp;__aeabi_memset
</UL>
<BR>[Called By]<UL><LI><a href="#[230]">&gt;&gt;</a>&nbsp;&nbsp;&nbsp;aes_cmac_subkey_generate
<LI><a href="#[459]">&gt;&gt;</a>&nbsp;&nbsp;&nbsp;nrf_mesh_prov_auth_data_provide
<LI><a href="#[2dd]">&gt;&gt;</a>&nbsp;&nbsp;&nbsp;ccm_soft_authenticate_blocks
<LI><a href="#[2d8]">&gt;&gt;</a>&nbsp;&nbsp;&nbsp;erase_at
<LI><a href="#[c3]">&gt;&gt;</a>&nbsp;&nbsp;&nbsp;subnet_to_flash_entry
<LI><a href="#[32c]">&gt;&gt;</a>&nbsp;&nbsp;&nbsp;subnet_set
<LI><a href="#[c5]">&gt;&gt;</a>&nbsp;&nbsp;&nbsp;appkey_to_flash_entry
<LI><a href="#[266]">&gt;&gt;</a>&nbsp;&nbsp;&nbsp;appkey_set
<LI><a href="#[4a2]">&gt;&gt;</a>&nbsp;&nbsp;&nbsp;prov_utils_generate_oob_data
<LI><a href="#[4bc]">&gt;&gt;</a>&nbsp;&nbsp;&nbsp;request_authentication
</UL>

<P><STRONG><a name="[1db]"></a>__aeabi_memclr4</STRONG> (Thumb, 0 bytes, Stack size 0 bytes, memseta.o(.text))
<BR><BR>[Called By]<UL><LI><a href="#[2f8]">&gt;&gt;</a>&nbsp;&nbsp;&nbsp;conn_params_init
<LI><a href="#[414]">&gt;&gt;</a>&nbsp;&nbsp;&nbsp;nrf_mesh_prov_bearer_gatt_init
<LI><a href="#[186]">&gt;&gt;</a>&nbsp;&nbsp;&nbsp;mesh_adv_data_set
<LI><a href="#[12d]">&gt;&gt;</a>&nbsp;&nbsp;&nbsp;hb_pub_deleter
<LI><a href="#[302]">&gt;&gt;</a>&nbsp;&nbsp;&nbsp;defrag_on_end
<LI><a href="#[7]">&gt;&gt;</a>&nbsp;&nbsp;&nbsp;init_flash_storage
<LI><a href="#[71]">&gt;&gt;</a>&nbsp;&nbsp;&nbsp;flash_stable_cb
<LI><a href="#[4b8]">&gt;&gt;</a>&nbsp;&nbsp;&nbsp;replay_cache_clear
<LI><a href="#[451]">&gt;&gt;</a>&nbsp;&nbsp;&nbsp;transport_init
<LI><a href="#[44f]">&gt;&gt;</a>&nbsp;&nbsp;&nbsp;scanner_init
<LI><a href="#[8]">&gt;&gt;</a>&nbsp;&nbsp;&nbsp;net_state_reset
<LI><a href="#[430]">&gt;&gt;</a>&nbsp;&nbsp;&nbsp;net_state_init
<LI><a href="#[4c3]">&gt;&gt;</a>&nbsp;&nbsp;&nbsp;sar_ctx_free
<LI><a href="#[1da]">&gt;&gt;</a>&nbsp;&nbsp;&nbsp;packet_tx
<LI><a href="#[190]">&gt;&gt;</a>&nbsp;&nbsp;&nbsp;access_state_clear
<LI><a href="#[401]">&gt;&gt;</a>&nbsp;&nbsp;&nbsp;mesh_gatt_init
<LI><a href="#[2ac]">&gt;&gt;</a>&nbsp;&nbsp;&nbsp;bitfield_clear_all
<LI><a href="#[1a7]">&gt;&gt;</a>&nbsp;&nbsp;&nbsp;access_reliable_init
<LI><a href="#[191]">&gt;&gt;</a>&nbsp;&nbsp;&nbsp;access_reliable_cancel_all
<LI><a href="#[1a9]">&gt;&gt;</a>&nbsp;&nbsp;&nbsp;access_publish_retransmission_init
<LI><a href="#[1a8]">&gt;&gt;</a>&nbsp;&nbsp;&nbsp;access_publish_init
<LI><a href="#[4cb]">&gt;&gt;</a>&nbsp;&nbsp;&nbsp;scanner_config_access_addresses_set
<LI><a href="#[cb]">&gt;&gt;</a>&nbsp;&nbsp;&nbsp;x_side_default
<LI><a href="#[41f]">&gt;&gt;</a>&nbsp;&nbsp;&nbsp;mod_sqrt_secp224r1_rp
<LI><a href="#[ca]">&gt;&gt;</a>&nbsp;&nbsp;&nbsp;mod_sqrt_default
<LI><a href="#[e9]">&gt;&gt;</a>&nbsp;&nbsp;&nbsp;prov_provisionee_pkt_in
<LI><a href="#[27e]">&gt;&gt;</a>&nbsp;&nbsp;&nbsp;prov_beacon_unprov_packet_in
<LI><a href="#[2ad]">&gt;&gt;</a>&nbsp;&nbsp;&nbsp;bitfield_clear_all
<LI><a href="#[26f]">&gt;&gt;</a>&nbsp;&nbsp;&nbsp;attention_timer_add
</UL>

<P><STRONG><a name="[50c]"></a>__aeabi_memclr8</STRONG> (Thumb, 0 bytes, Stack size 0 bytes, memseta.o(.text), UNUSED)

<P><STRONG><a name="[145]"></a>_memset$wrapper</STRONG> (Thumb, 18 bytes, Stack size 8 bytes, memseta.o(.text), UNUSED)
<BR><BR>[Calls]<UL><LI><a href="#[144]">&gt;&gt;</a>&nbsp;&nbsp;&nbsp;__aeabi_memset
</UL>

<P><STRONG><a name="[487]"></a>strlen</STRONG> (Thumb, 14 bytes, Stack size 0 bytes, strlen.o(.text))
<BR><BR>[Called By]<UL><LI><a href="#[486]">&gt;&gt;</a>&nbsp;&nbsp;&nbsp;prov_beacon_unprov_build
</UL>

<P><STRONG><a name="[2d6]"></a>memcmp</STRONG> (Thumb, 26 bytes, Stack size 12 bytes, memcmp.o(.text))
<BR><BR>[Stack]<UL><LI>Max Depth = 12<LI>Call Chain = memcmp
</UL>
<BR>[Called By]<UL><LI><a href="#[346]">&gt;&gt;</a>&nbsp;&nbsp;&nbsp;validate_result
<LI><a href="#[2df]">&gt;&gt;</a>&nbsp;&nbsp;&nbsp;ccm_soft_decrypt
<LI><a href="#[2d5]">&gt;&gt;</a>&nbsp;&nbsp;&nbsp;cache_has_elem
<LI><a href="#[214]">&gt;&gt;</a>&nbsp;&nbsp;&nbsp;nrf_mesh_beacon_info_next_get
<LI><a href="#[3d8]">&gt;&gt;</a>&nbsp;&nbsp;&nbsp;is_valid_beacon_pkt
<LI><a href="#[32b]">&gt;&gt;</a>&nbsp;&nbsp;&nbsp;dsm_subnet_add
<LI><a href="#[201]">&gt;&gt;</a>&nbsp;&nbsp;&nbsp;virtual_address_uuid_index_get
<LI><a href="#[334]">&gt;&gt;</a>&nbsp;&nbsp;&nbsp;dsm_subnet_update
<LI><a href="#[321]">&gt;&gt;</a>&nbsp;&nbsp;&nbsp;dsm_appkey_update
<LI><a href="#[319]">&gt;&gt;</a>&nbsp;&nbsp;&nbsp;dsm_appkey_add
<LI><a href="#[498]">&gt;&gt;</a>&nbsp;&nbsp;&nbsp;prov_utils_confirmation_check
<LI><a href="#[3a4]">&gt;&gt;</a>&nbsp;&nbsp;&nbsp;handle_control_packet
<LI><a href="#[ef]">&gt;&gt;</a>&nbsp;&nbsp;&nbsp;handle_config_model_publication_set
</UL>

<P><STRONG><a name="[17f]"></a>strcpy</STRONG> (Thumb, 18 bytes, Stack size 0 bytes, strcpy.o(.text))
<BR><BR>[Called By]<UL><LI><a href="#[167]">&gt;&gt;</a>&nbsp;&nbsp;&nbsp;_DoInit
</UL>

<P><STRONG><a name="[141]"></a>__aeabi_llsl</STRONG> (Thumb, 30 bytes, Stack size 0 bytes, llshl.o(.text))
<BR><BR>[Called By]<UL><LI><a href="#[13f]">&gt;&gt;</a>&nbsp;&nbsp;&nbsp;__aeabi_uldivmod
</UL>

<P><STRONG><a name="[50d]"></a>_ll_shift_l</STRONG> (Thumb, 0 bytes, Stack size 0 bytes, llshl.o(.text), UNUSED)

<P><STRONG><a name="[140]"></a>__aeabi_llsr</STRONG> (Thumb, 32 bytes, Stack size 0 bytes, llushr.o(.text))
<BR><BR>[Called By]<UL><LI><a href="#[13f]">&gt;&gt;</a>&nbsp;&nbsp;&nbsp;__aeabi_uldivmod
</UL>

<P><STRONG><a name="[50e]"></a>_ll_ushift_r</STRONG> (Thumb, 0 bytes, Stack size 0 bytes, llushr.o(.text), UNUSED)

<P><STRONG><a name="[13d]"></a>__scatterload</STRONG> (Thumb, 28 bytes, Stack size 0 bytes, init.o(.text))
<BR><BR>[Calls]<UL><LI><a href="#[146]">&gt;&gt;</a>&nbsp;&nbsp;&nbsp;__main_after_scatterload
</UL>
<BR>[Called By]<UL><LI><a href="#[13c]">&gt;&gt;</a>&nbsp;&nbsp;&nbsp;_main_scatterload
</UL>

<P><STRONG><a name="[50f]"></a>__scatterload_rt2</STRONG> (Thumb, 0 bytes, Stack size 0 bytes, init.o(.text), UNUSED)

<P><STRONG><a name="[510]"></a>__decompress</STRONG> (Thumb, 0 bytes, Stack size unknown bytes, __dczerorl2.o(.text), UNUSED)

<P><STRONG><a name="[511]"></a>__decompress1</STRONG> (Thumb, 86 bytes, Stack size unknown bytes, __dczerorl2.o(.text), UNUSED)

<P><STRONG><a name="[147]"></a>Create_Static_OOB_AuthValue</STRONG> (Thumb, 144 bytes, Stack size 136 bytes, sha256.o(i.Create_Static_OOB_AuthValue))
<BR><BR>[Stack]<UL><LI>Max Depth = 872<LI>Call Chain = Create_Static_OOB_AuthValue &rArr; StrSHA256 &rArr; __aeabi_ldivmod &rArr; __aeabi_uldivmod
</UL>
<BR>[Calls]<UL><LI><a href="#[148]">&gt;&gt;</a>&nbsp;&nbsp;&nbsp;log_printf
<LI><a href="#[149]">&gt;&gt;</a>&nbsp;&nbsp;&nbsp;create_sha256_input_string
<LI><a href="#[14a]">&gt;&gt;</a>&nbsp;&nbsp;&nbsp;StrSHA256
<LI><a href="#[14b]">&gt;&gt;</a>&nbsp;&nbsp;&nbsp;__aeabi_memcpy
</UL>
<BR>[Called By]<UL><LI><a href="#[44]">&gt;&gt;</a>&nbsp;&nbsp;&nbsp;main
</UL>

<P><STRONG><a name="[25]"></a>GPIOTE_IRQHandler</STRONG> (Thumb, 332 bytes, Stack size 64 bytes, nrfx_gpiote.o(i.GPIOTE_IRQHandler))
<BR><BR>[Stack]<UL><LI>Max Depth = 76<LI>Call Chain = GPIOTE_IRQHandler &rArr; nrf_gpio_ports_read
</UL>
<BR>[Calls]<UL><LI><a href="#[159]">&gt;&gt;</a>&nbsp;&nbsp;&nbsp;nrf_gpiote_event_is_set
<LI><a href="#[15a]">&gt;&gt;</a>&nbsp;&nbsp;&nbsp;nrf_gpiote_event_clear
<LI><a href="#[15b]">&gt;&gt;</a>&nbsp;&nbsp;&nbsp;nrf_gpio_ports_read
<LI><a href="#[15f]">&gt;&gt;</a>&nbsp;&nbsp;&nbsp;nrf_gpio_cfg_sense_set
<LI><a href="#[15e]">&gt;&gt;</a>&nbsp;&nbsp;&nbsp;nrf_bitmask_bit_set
<LI><a href="#[15c]">&gt;&gt;</a>&nbsp;&nbsp;&nbsp;nrf_bitmask_bit_is_set
<LI><a href="#[15d]">&gt;&gt;</a>&nbsp;&nbsp;&nbsp;channel_port_get
</UL>
<BR>[Address Reference Count : 1]<UL><LI> arm_startup_nrf52.o(RESET)
</UL>
<P><STRONG><a name="[31]"></a>QDEC_IRQHandler</STRONG> (Thumb, 4 bytes, Stack size 0 bytes, bearer_event.o(i.QDEC_IRQHandler))
<BR><BR>[Stack]<UL><LI>Max Depth = 152<LI>Call Chain = QDEC_IRQHandler &rArr; bearer_event_handler &rArr; bearer_event_flag_set &rArr; mesh_assertion_handler &rArr; app_error_fault_handler &rArr; log_printf &rArr; log_vprintf
</UL>
<BR>[Calls]<UL><LI><a href="#[160]">&gt;&gt;</a>&nbsp;&nbsp;&nbsp;bearer_event_handler
</UL>
<BR>[Address Reference Count : 1]<UL><LI> arm_startup_nrf52.o(RESET)
</UL>
<P><STRONG><a name="[30]"></a>RTC1_IRQHandler</STRONG> (Thumb, 72 bytes, Stack size 16 bytes, app_timer_mesh.o(i.RTC1_IRQHandler))
<BR><BR>[Stack]<UL><LI>Max Depth = 128<LI>Call Chain = RTC1_IRQHandler &rArr; nrf_mesh_timer_ovfw_handle &rArr; mesh_assertion_handler &rArr; app_error_fault_handler &rArr; log_printf &rArr; log_vprintf
</UL>
<BR>[Calls]<UL><LI><a href="#[162]">&gt;&gt;</a>&nbsp;&nbsp;&nbsp;nrf_mesh_timer_tail_handle
[...]
</UL>
<BR>[Calls]<UL><LI><a href="#[3bc]">&gt;&gt;</a>&nbsp;&nbsp;&nbsp;send_period_status
</UL>
<BR>[Address Reference Count : 1]<UL><LI> health_server.o(.constdata)
</UL>
<P><STRONG><a name="[11b]"></a>handle_period_set</STRONG> (Thumb, 34 bytes, Stack size 0 bytes, health_server.o(i.handle_period_set))
<BR><BR>[Stack]<UL><LI>Max Depth = 1200<LI>Call Chain = handle_period_set &rArr; send_period_status &rArr; access_model_reply &rArr; packet_alloc_and_tx &rArr; packet_tx &rArr; nrf_mesh_packet_send &rArr; transport_tx &rArr; upper_transport_tx &rArr; segmented_packet_tx &rArr; trs_sar_packet_out &rArr; sar_segment_send &rArr; upper_trs_packet_alloc &rArr; network_packet_alloc &rArr; allocate_packet &rArr; net_state_seqnum_alloc &rArr; iv_update_trigger_if_pending &rArr; net_state_iv_update_start &rArr; iv_index_notify &rArr; event_handle &rArr; list_remove &rArr; mesh_assertion_handler &rArr; app_error_fault_handler &rArr; log_printf &rArr; log_vprintf
</UL>
<BR>[Calls]<UL><LI><a href="#[3bc]">&gt;&gt;</a>&nbsp;&nbsp;&nbsp;send_period_status
</UL>
<BR>[Address Reference Count : 1]<UL><LI> health_server.o(.constdata)
</UL>
<P><STRONG><a name="[11e]"></a>health_publish_timeout_handler</STRONG> (Thumb, 10 bytes, Stack size 0 bytes, health_server.o(i.health_publish_timeout_handler))
<BR><BR>[Stack]<UL><LI>Max Depth = 1488<LI>Call Chain = health_publish_timeout_handler &rArr; send_fault_status &rArr; access_model_publish &rArr; packet_alloc_and_tx &rArr; packet_tx &rArr; nrf_mesh_packet_send &rArr; transport_tx &rArr; upper_transport_tx &rArr; segmented_packet_tx &rArr; trs_sar_packet_out &rArr; sar_segment_send &rArr; upper_trs_packet_alloc &rArr; network_packet_alloc &rArr; allocate_packet &rArr; net_state_seqnum_alloc &rArr; iv_update_trigger_if_pending &rArr; net_state_iv_update_start &rArr; iv_index_notify &rArr; event_handle &rArr; list_remove &rArr; mesh_assertion_handler &rArr; app_error_fault_handler &rArr; log_printf &rArr; log_vprintf
</UL>
<BR>[Calls]<UL><LI><a href="#[3af]">&gt;&gt;</a>&nbsp;&nbsp;&nbsp;send_fault_status
</UL>
<BR>[Address Reference Count : 1]<UL><LI> health_server.o(.constdata)
</UL>
<P><STRONG><a name="[391]"></a>send_attention_status</STRONG> (Thumb, 54 bytes, Stack size 32 bytes, health_server.o(i.send_attention_status))
<BR><BR>[Stack]<UL><LI>Max Depth = 1200<LI>Call Chain = send_attention_status &rArr; access_model_reply &rArr; packet_alloc_and_tx &rArr; packet_tx &rArr; nrf_mesh_packet_send &rArr; transport_tx &rArr; upper_transport_tx &rArr; segmented_packet_tx &rArr; trs_sar_packet_out &rArr; sar_segment_send &rArr; upper_trs_packet_alloc &rArr; network_packet_alloc &rArr; allocate_packet &rArr; net_state_seqnum_alloc &rArr; iv_update_trigger_if_pending &rArr; net_state_iv_update_start &rArr; iv_index_notify &rArr; event_handle &rArr; list_remove &rArr; mesh_assertion_handler &rArr; app_error_fault_handler &rArr; log_printf &rArr; log_vprintf
</UL>
<BR>[Calls]<UL><LI><a href="#[38f]">&gt;&gt;</a>&nbsp;&nbsp;&nbsp;nrf_mesh_unique_token_get
<LI><a href="#[1d3]">&gt;&gt;</a>&nbsp;&nbsp;&nbsp;access_model_reply
</UL>
<BR>[Called By]<UL><LI><a href="#[11d]">&gt;&gt;</a>&nbsp;&nbsp;&nbsp;handle_attention_set
<LI><a href="#[11c]">&gt;&gt;</a>&nbsp;&nbsp;&nbsp;handle_attention_get
</UL>

<P><STRONG><a name="[3af]"></a>send_fault_status</STRONG> (Thumb, 144 bytes, Stack size 312 bytes, health_server.o(i.send_fault_status))
<BR><BR>[Stack]<UL><LI>Max Depth = 1488<LI>Call Chain = send_fault_status &rArr; access_model_publish &rArr; packet_alloc_and_tx &rArr; packet_tx &rArr; nrf_mesh_packet_send &rArr; transport_tx &rArr; upper_transport_tx &rArr; segmented_packet_tx &rArr; trs_sar_packet_out &rArr; sar_segment_send &rArr; upper_trs_packet_alloc &rArr; network_packet_alloc &rArr; allocate_packet &rArr; net_state_seqnum_alloc &rArr; iv_update_trigger_if_pending &rArr; net_state_iv_update_start &rArr; iv_index_notify &rArr; event_handle &rArr; list_remove &rArr; mesh_assertion_handler &rArr; app_error_fault_handler &rArr; log_printf &rArr; log_vprintf
</UL>
<BR>[Calls]<UL><LI><a href="#[38f]">&gt;&gt;</a>&nbsp;&nbsp;&nbsp;nrf_mesh_unique_token_get
<LI><a href="#[1d3]">&gt;&gt;</a>&nbsp;&nbsp;&nbsp;access_model_reply
<LI><a href="#[1c4]">&gt;&gt;</a>&nbsp;&nbsp;&nbsp;access_model_publish
<LI><a href="#[4db]">&gt;&gt;</a>&nbsp;&nbsp;&nbsp;bitfield_next_get
</UL>
<BR>[Called By]<UL><LI><a href="#[11e]">&gt;&gt;</a>&nbsp;&nbsp;&nbsp;health_publish_timeout_handler
<LI><a href="#[119]">&gt;&gt;</a>&nbsp;&nbsp;&nbsp;handle_fault_test
<LI><a href="#[117]">&gt;&gt;</a>&nbsp;&nbsp;&nbsp;handle_fault_get
<LI><a href="#[118]">&gt;&gt;</a>&nbsp;&nbsp;&nbsp;handle_fault_clear
</UL>

<P><STRONG><a name="[3bc]"></a>send_period_status</STRONG> (Thumb, 52 bytes, Stack size 32 bytes, health_server.o(i.send_period_status))
<BR><BR>[Stack]<UL><LI>Max Depth = 1200<LI>Call Chain = send_period_status &rArr; access_model_reply &rArr; packet_alloc_and_tx &rArr; packet_tx &rArr; nrf_mesh_packet_send &rArr; transport_tx &rArr; upper_transport_tx &rArr; segmented_packet_tx &rArr; trs_sar_packet_out &rArr; sar_segment_send &rArr; upper_trs_packet_alloc &rArr; network_packet_alloc &rArr; allocate_packet &rArr; net_state_seqnum_alloc &rArr; iv_update_trigger_if_pending &rArr; net_state_iv_update_start &rArr; iv_index_notify &rArr; event_handle &rArr; list_remove &rArr; mesh_assertion_handler &rArr; app_error_fault_handler &rArr; log_printf &rArr; log_vprintf
</UL>
<BR>[Calls]<UL><LI><a href="#[38f]">&gt;&gt;</a>&nbsp;&nbsp;&nbsp;nrf_mesh_unique_token_get
<LI><a href="#[1d3]">&gt;&gt;</a>&nbsp;&nbsp;&nbsp;access_model_reply
</UL>
<BR>[Called By]<UL><LI><a href="#[11b]">&gt;&gt;</a>&nbsp;&nbsp;&nbsp;handle_period_set
<LI><a href="#[11a]">&gt;&gt;</a>&nbsp;&nbsp;&nbsp;handle_period_get
</UL>

<P><STRONG><a name="[121]"></a>handle_delta_set</STRONG> (Thumb, 156 bytes, Stack size 56 bytes, generic_level_server.o(i.handle_delta_set))
<BR><BR>[Stack]<UL><LI>Max Depth = 1272<LI>Call Chain = handle_delta_set &rArr; status_send &rArr; access_model_publish &rArr; packet_alloc_and_tx &rArr; packet_tx &rArr; nrf_mesh_packet_send &rArr; transport_tx &rArr; upper_transport_tx &rArr; segmented_packet_tx &rArr; trs_sar_packet_out &rArr; sar_segment_send &rArr; upper_trs_packet_alloc &rArr; network_packet_alloc &rArr; allocate_packet &rArr; net_state_seqnum_alloc &rArr; iv_update_trigger_if_pending &rArr; net_state_iv_update_start &rArr; iv_index_notify &rArr; event_handle &rArr; list_remove &rArr; mesh_assertion_handler &rArr; app_error_fault_handler &rArr; log_printf &rArr; log_vprintf
</UL>
<BR>[Calls]<UL><LI><a href="#[3aa]">&gt;&gt;</a>&nbsp;&nbsp;&nbsp;model_transition_time_is_valid
<LI><a href="#[3ab]">&gt;&gt;</a>&nbsp;&nbsp;&nbsp;model_transition_time_decode
<LI><a href="#[3a9]">&gt;&gt;</a>&nbsp;&nbsp;&nbsp;model_tid_validate
<LI><a href="#[3ac]">&gt;&gt;</a>&nbsp;&nbsp;&nbsp;model_delay_decode
<LI><a href="#[386]">&gt;&gt;</a>&nbsp;&nbsp;&nbsp;status_send
</UL>
<BR>[Address Reference Count : 1]<UL><LI> generic_level_server.o(.constdata)
</UL>
<P><STRONG><a name="[11f]"></a>handle_get</STRONG> (Thumb, 44 bytes, Stack size 24 bytes, generic_level_server.o(i.handle_get))
<BR><BR>[Stack]<UL><LI>Max Depth = 1240<LI>Call Chain = handle_get &rArr; status_send &rArr; access_model_publish &rArr; packet_alloc_and_tx &rArr; packet_tx &rArr; nrf_mesh_packet_send &rArr; transport_tx &rArr; upper_transport_tx &rArr; segmented_packet_tx &rArr; trs_sar_packet_out &rArr; sar_segment_send &rArr; upper_trs_packet_alloc &rArr; network_packet_alloc &rArr; allocate_packet &rArr; net_state_seqnum_alloc &rArr; iv_update_trigger_if_pending &rArr; net_state_iv_update_start &rArr; iv_index_notify &rArr; event_handle &rArr; list_remove &rArr; mesh_assertion_handler &rArr; app_error_fault_handler &rArr; log_printf &rArr; log_vprintf
</UL>
<BR>[Calls]<UL><LI><a href="#[386]">&gt;&gt;</a>&nbsp;&nbsp;&nbsp;status_send
</UL>
<BR>[Address Reference Count : 1]<UL><LI> generic_level_server.o(.constdata)
</UL>
<P><STRONG><a name="[122]"></a>handle_move_set</STRONG> (Thumb, 160 bytes, Stack size 48 bytes, generic_level_server.o(i.handle_move_set))
<BR><BR>[Stack]<UL><LI>Max Depth = 1264<LI>Call Chain = handle_move_set &rArr; status_send &rArr; access_model_publish &rArr; packet_alloc_and_tx &rArr; packet_tx &rArr; nrf_mesh_packet_send &rArr; transport_tx &rArr; upper_transport_tx &rArr; segmented_packet_tx &rArr; trs_sar_packet_out &rArr; sar_segment_send &rArr; upper_trs_packet_alloc &rArr; network_packet_alloc &rArr; allocate_packet &rArr; net_state_seqnum_alloc &rArr; iv_update_trigger_if_pending &rArr; net_state_iv_update_start &rArr; iv_index_notify &rArr; event_handle &rArr; list_remove &rArr; mesh_assertion_handler &rArr; app_error_fault_handler &rArr; log_printf &rArr; log_vprintf
</UL>
<BR>[Calls]<UL><LI><a href="#[3aa]">&gt;&gt;</a>&nbsp;&nbsp;&nbsp;model_transition_time_is_valid
<LI><a href="#[3ab]">&gt;&gt;</a>&nbsp;&nbsp;&nbsp;model_transition_time_decode
<LI><a href="#[3a9]">&gt;&gt;</a>&nbsp;&nbsp;&nbsp;model_tid_validate
<LI><a href="#[3ac]">&gt;&gt;</a>&nbsp;&nbsp;&nbsp;model_delay_decode
<LI><a href="#[386]">&gt;&gt;</a>&nbsp;&nbsp;&nbsp;status_send
</UL>
<BR>[Address Reference Count : 1]<UL><LI> generic_level_server.o(.constdata)
</UL>
<P><STRONG><a name="[120]"></a>handle_set</STRONG> (Thumb, 160 bytes, Stack size 48 bytes, generic_level_server.o(i.handle_set))
<BR><BR>[Stack]<UL><LI>Max Depth = 1264<LI>Call Chain = handle_set &rArr; status_send &rArr; access_model_publish &rArr; packet_alloc_and_tx &rArr; packet_tx &rArr; nrf_mesh_packet_send &rArr; transport_tx &rArr; upper_transport_tx &rArr; segmented_packet_tx &rArr; trs_sar_packet_out &rArr; sar_segment_send &rArr; upper_trs_packet_alloc &rArr; network_packet_alloc &rArr; allocate_packet &rArr; net_state_seqnum_alloc &rArr; iv_update_trigger_if_pending &rArr; net_state_iv_update_start &rArr; iv_index_notify &rArr; event_handle &rArr; list_remove &rArr; mesh_assertion_handler &rArr; app_error_fault_handler &rArr; log_printf &rArr; log_vprintf
</UL>
<BR>[Calls]<UL><LI><a href="#[3aa]">&gt;&gt;</a>&nbsp;&nbsp;&nbsp;model_transition_time_is_valid
<LI><a href="#[3ab]">&gt;&gt;</a>&nbsp;&nbsp;&nbsp;model_transition_time_decode
<LI><a href="#[3a9]">&gt;&gt;</a>&nbsp;&nbsp;&nbsp;model_tid_validate
<LI><a href="#[3ac]">&gt;&gt;</a>&nbsp;&nbsp;&nbsp;model_delay_decode
<LI><a href="#[386]">&gt;&gt;</a>&nbsp;&nbsp;&nbsp;status_send
</UL>
<BR>[Address Reference Count : 1]<UL><LI> generic_level_server.o(.constdata)
</UL>
<P><STRONG><a name="[123]"></a>periodic_publish_cb</STRONG> (Thumb, 34 bytes, Stack size 16 bytes, generic_level_server.o(i.periodic_publish_cb))
<BR><BR>[Stack]<UL><LI>Max Depth = 1232<LI>Call Chain = periodic_publish_cb &rArr; status_send &rArr; access_model_publish &rArr; packet_alloc_and_tx &rArr; packet_tx &rArr; nrf_mesh_packet_send &rArr; transport_tx &rArr; upper_transport_tx &rArr; segmented_packet_tx &rArr; trs_sar_packet_out &rArr; sar_segment_send &rArr; upper_trs_packet_alloc &rArr; network_packet_alloc &rArr; allocate_packet &rArr; net_state_seqnum_alloc &rArr; iv_update_trigger_if_pending &rArr; net_state_iv_update_start &rArr; iv_index_notify &rArr; event_handle &rArr; list_remove &rArr; mesh_assertion_handler &rArr; app_error_fault_handler &rArr; log_printf &rArr; log_vprintf
</UL>
<BR>[Calls]<UL><LI><a href="#[386]">&gt;&gt;</a>&nbsp;&nbsp;&nbsp;status_send
</UL>
<BR>[Address Reference Count : 1]<UL><LI> generic_level_server.o(.constdata)
</UL>
<P><STRONG><a name="[386]"></a>status_send</STRONG> (Thumb, 108 bytes, Stack size 40 bytes, generic_level_server.o(i.status_send))
<BR><BR>[Stack]<UL><LI>Max Depth = 1216<LI>Call Chain = status_send &rArr; access_model_publish &rArr; packet_alloc_and_tx &rArr; packet_tx &rArr; nrf_mesh_packet_send &rArr; transport_tx &rArr; upper_transport_tx &rArr; segmented_packet_tx &rArr; trs_sar_packet_out &rArr; sar_segment_send &rArr; upper_trs_packet_alloc &rArr; network_packet_alloc &rArr; allocate_packet &rArr; net_state_seqnum_alloc &rArr; iv_update_trigger_if_pending &rArr; net_state_iv_update_start &rArr; iv_index_notify &rArr; event_handle &rArr; list_remove &rArr; mesh_assertion_handler &rArr; app_error_fault_handler &rArr; log_printf &rArr; log_vprintf
</UL>
<BR>[Calls]<UL><LI><a href="#[1d3]">&gt;&gt;</a>&nbsp;&nbsp;&nbsp;access_model_reply
<LI><a href="#[1c4]">&gt;&gt;</a>&nbsp;&nbsp;&nbsp;access_model_publish
<LI><a href="#[4e0]">&gt;&gt;</a>&nbsp;&nbsp;&nbsp;model_transition_time_encode
</UL>
<BR>[Called By]<UL><LI><a href="#[18c]">&gt;&gt;</a>&nbsp;&nbsp;&nbsp;generic_level_server_status_publish
<LI><a href="#[120]">&gt;&gt;</a>&nbsp;&nbsp;&nbsp;handle_set
<LI><a href="#[122]">&gt;&gt;</a>&nbsp;&nbsp;&nbsp;handle_move_set
<LI><a href="#[11f]">&gt;&gt;</a>&nbsp;&nbsp;&nbsp;handle_get
<LI><a href="#[121]">&gt;&gt;</a>&nbsp;&nbsp;&nbsp;handle_delta_set
<LI><a href="#[123]">&gt;&gt;</a>&nbsp;&nbsp;&nbsp;periodic_publish_cb
</UL>

<P><STRONG><a name="[79]"></a>model_tid_timer_cb</STRONG> (Thumb, 6 bytes, Stack size 0 bytes, model_common.o(i.model_tid_timer_cb))
<BR>[Address Reference Count : 1]<UL><LI> model_common.o(i.model_tid_validate)
</UL>
<P><STRONG><a name="[7a]"></a>model_timer_cb</STRONG> (Thumb, 74 bytes, Stack size 8 bytes, model_common.o(i.model_timer_cb))
<BR><BR>[Stack]<UL><LI>Max Depth = 120<LI>Call Chain = model_timer_cb &rArr; timeout_update_and_schedule &rArr; mesh_assertion_handler &rArr; app_error_fault_handler &rArr; log_printf &rArr; log_vprintf
</UL>
<BR>[Calls]<UL><LI><a href="#[179]">&gt;&gt;</a>&nbsp;&nbsp;&nbsp;mesh_assertion_handler
<LI><a href="#[422]">&gt;&gt;</a>&nbsp;&nbsp;&nbsp;timeout_update_and_schedule
</UL>
<BR>[Address Reference Count : 1]<UL><LI> model_common.o(i.model_timer_create)
</UL>
<P><STRONG><a name="[422]"></a>timeout_update_and_schedule</STRONG> (Thumb, 112 bytes, Stack size 16 bytes, model_common.o(i.timeout_update_and_schedule))
<BR><BR>[Stack]<UL><LI>Max Depth = 112<LI>Call Chain = timeout_update_and_schedule &rArr; mesh_assertion_handler &rArr; app_error_fault_handler &rArr; log_printf &rArr; log_vprintf
</UL>
<BR>[Calls]<UL><LI><a href="#[25e]">&gt;&gt;</a>&nbsp;&nbsp;&nbsp;app_timer_start
<LI><a href="#[179]">&gt;&gt;</a>&nbsp;&nbsp;&nbsp;mesh_assertion_handler
<LI><a href="#[423]">&gt;&gt;</a>&nbsp;&nbsp;&nbsp;app_timer_cnt_get
<LI><a href="#[4e2]">&gt;&gt;</a>&nbsp;&nbsp;&nbsp;app_timer_cnt_diff_compute
</UL>
<BR>[Called By]<UL><LI><a href="#[180]">&gt;&gt;</a>&nbsp;&nbsp;&nbsp;model_timer_schedule
<LI><a href="#[7a]">&gt;&gt;</a>&nbsp;&nbsp;&nbsp;model_timer_cb
</UL>

<P><STRONG><a name="[25b]"></a>__NVIC_ClearPendingIRQ</STRONG> (Thumb, 26 bytes, Stack size 0 bytes, app_timer_mesh.o(i.__NVIC_ClearPendingIRQ))
<BR><BR>[Called By]<UL><LI><a href="#[259]">&gt;&gt;</a>&nbsp;&nbsp;&nbsp;app_timer_init
</UL>

<P><STRONG><a name="[25d]"></a>__NVIC_EnableIRQ</STRONG> (Thumb, 26 bytes, Stack size 0 bytes, app_timer_mesh.o(i.__NVIC_EnableIRQ))
<BR><BR>[Called By]<UL><LI><a href="#[259]">&gt;&gt;</a>&nbsp;&nbsp;&nbsp;app_timer_init
</UL>

<P><STRONG><a name="[262]"></a>__NVIC_SetPendingIRQ</STRONG> (Thumb, 26 bytes, Stack size 0 bytes, app_timer_mesh.o(i.__NVIC_SetPendingIRQ))
<BR><BR>[Called By]<UL><LI><a href="#[25e]">&gt;&gt;</a>&nbsp;&nbsp;&nbsp;app_timer_start
<LI><a href="#[161]">&gt;&gt;</a>&nbsp;&nbsp;&nbsp;timer_timeouts_check
<LI><a href="#[264]">&gt;&gt;</a>&nbsp;&nbsp;&nbsp;timer_stop_op_schedule
<LI><a href="#[2e5]">&gt;&gt;</a>&nbsp;&nbsp;&nbsp;compare_reg_update
</UL>

<P><STRONG><a name="[25c]"></a>__NVIC_SetPriority</STRONG> (Thumb, 32 bytes, Stack size 0 bytes, app_timer_mesh.o(i.__NVIC_SetPriority))
<BR><BR>[Called By]<UL><LI><a href="#[259]">&gt;&gt;</a>&nbsp;&nbsp;&nbsp;app_timer_init
</UL>

<P><STRONG><a name="[2e5]"></a>compare_reg_update</STRONG> (Thumb, 114 bytes, Stack size 24 bytes, app_timer_mesh.o(i.compare_reg_update))
<BR><BR>[Stack]<UL><LI>Max Depth = 24<LI>Call Chain = compare_reg_update
</UL>
<BR>[Calls]<UL><LI><a href="#[25a]">&gt;&gt;</a>&nbsp;&nbsp;&nbsp;nrfx_coredep_delay_us
<LI><a href="#[262]">&gt;&gt;</a>&nbsp;&nbsp;&nbsp;__NVIC_SetPendingIRQ
</UL>
<BR>[Called By]<UL><LI><a href="#[172]">&gt;&gt;</a>&nbsp;&nbsp;&nbsp;timer_list_handler
</UL>

<P><STRONG><a name="[4e5]"></a>elapsed_ticks_acquire</STRONG> (Thumb, 58 bytes, Stack size 8 bytes, app_timer_mesh.o(i.elapsed_ticks_acquire))
<BR><BR>[Stack]<UL><LI>Max Depth = 8<LI>Call Chain = elapsed_ticks_acquire
</UL>
<BR>[Called By]<UL><LI><a href="#[172]">&gt;&gt;</a>&nbsp;&nbsp;&nbsp;timer_list_handler
</UL>

<P><STRONG><a name="[3e0]"></a>list_insertions_handler</STRONG> (Thumb, 274 bytes, Stack size 40 bytes, app_timer_mesh.o(i.list_insertions_handler))
<BR><BR>[Stack]<UL><LI>Max Depth = 48<LI>Call Chain = list_insertions_handler &rArr; timer_list_insert
</UL>
<BR>[Calls]<UL><LI><a href="#[3e1]">&gt;&gt;</a>&nbsp;&nbsp;&nbsp;timer_list_insert
</UL>
<BR>[Called By]<UL><LI><a href="#[172]">&gt;&gt;</a>&nbsp;&nbsp;&nbsp;timer_list_handler
</UL>

<P><STRONG><a name="[25a]"></a>nrfx_coredep_delay_us</STRONG> (Thumb, 12 bytes, Stack size 0 bytes, app_timer_mesh.o(i.nrfx_coredep_delay_us))
<BR><BR>[Called By]<UL><LI><a href="#[259]">&gt;&gt;</a>&nbsp;&nbsp;&nbsp;app_timer_init
<LI><a href="#[2e5]">&gt;&gt;</a>&nbsp;&nbsp;&nbsp;compare_reg_update
</UL>

<P><STRONG><a name="[172]"></a>timer_list_handler</STRONG> (Thumb, 116 bytes, Stack size 40 bytes, app_timer_mesh.o(i.timer_list_handler))
<BR><BR>[Stack]<UL><LI>Max Depth = 88<LI>Call Chain = timer_list_handler &rArr; list_insertions_handler &rArr; timer_list_insert
</UL>
<BR>[Calls]<UL><LI><a href="#[3e0]">&gt;&gt;</a>&nbsp;&nbsp;&nbsp;list_insertions_handler
<LI><a href="#[4e5]">&gt;&gt;</a>&nbsp;&nbsp;&nbsp;elapsed_ticks_acquire
<LI><a href="#[2e5]">&gt;&gt;</a>&nbsp;&nbsp;&nbsp;compare_reg_update
</UL>
<BR>[Called By]<UL><LI><a href="#[33]">&gt;&gt;</a>&nbsp;&nbsp;&nbsp;SWI0_EGU0_IRQHandler
</UL>

<P><STRONG><a name="[3e1]"></a>timer_list_insert</STRONG> (Thumb, 56 bytes, Stack size 8 bytes, app_timer_mesh.o(i.timer_list_insert))
<BR><BR>[Stack]<UL><LI>Max Depth = 8<LI>Call Chain = timer_list_insert
</UL>
<BR>[Called By]<UL><LI><a href="#[3e0]">&gt;&gt;</a>&nbsp;&nbsp;&nbsp;list_insertions_handler
</UL>

<P><STRONG><a name="[264]"></a>timer_stop_op_schedule</STRONG> (Thumb, 68 bytes, Stack size 24 bytes, app_timer_mesh.o(i.timer_stop_op_schedule))
<BR><BR>[Stack]<UL><LI>Max Depth = 36<LI>Call Chain = timer_stop_op_schedule &rArr; app_util_critical_region_enter
</UL>
<BR>[Calls]<UL><LI><a href="#[261]">&gt;&gt;</a>&nbsp;&nbsp;&nbsp;app_util_critical_region_exit
<LI><a href="#[25f]">&gt;&gt;</a>&nbsp;&nbsp;&nbsp;app_util_critical_region_enter
<LI><a href="#[260]">&gt;&gt;</a>&nbsp;&nbsp;&nbsp;user_op_alloc
<LI><a href="#[262]">&gt;&gt;</a>&nbsp;&nbsp;&nbsp;__NVIC_SetPendingIRQ
</UL>
<BR>[Called By]<UL><LI><a href="#[263]">&gt;&gt;</a>&nbsp;&nbsp;&nbsp;app_timer_stop
</UL>

<P><STRONG><a name="[161]"></a>timer_timeouts_check</STRONG> (Thumb, 106 bytes, Stack size 24 bytes, app_timer_mesh.o(i.timer_timeouts_check))
<BR><BR>[Stack]<UL><LI>Max Depth = 24<LI>Call Chain = timer_timeouts_check
</UL>
<BR>[Calls]<UL><LI><a href="#[262]">&gt;&gt;</a>&nbsp;&nbsp;&nbsp;__NVIC_SetPendingIRQ
</UL>
<BR>[Called By]<UL><LI><a href="#[30]">&gt;&gt;</a>&nbsp;&nbsp;&nbsp;RTC1_IRQHandler
</UL>

<P><STRONG><a name="[260]"></a>user_op_alloc</STRONG> (Thumb, 42 bytes, Stack size 0 bytes, app_timer_mesh.o(i.user_op_alloc))
<BR><BR>[Called By]<UL><LI><a href="#[25e]">&gt;&gt;</a>&nbsp;&nbsp;&nbsp;app_timer_start
<LI><a href="#[264]">&gt;&gt;</a>&nbsp;&nbsp;&nbsp;timer_stop_op_schedule
</UL>
<P>
<H3>
Undefined Global Symbols
</H3><HR></body></html>
